/home/ubuntu/S32_SDK_S32K1xx_RTM_4.0.2/rtos/FreeRTOS_S32K/Source/portable/GCC/ARM_CM4F/port.c:261:13:prvPortStartFirstTask	0	static
/home/ubuntu/S32_SDK_S32K1xx_RTM_4.0.2/rtos/FreeRTOS_S32K/Source/portable/GCC/ARM_CM4F/port.c:701:13:vPortEnableVFP	0	static
/home/ubuntu/S32_SDK_S32K1xx_RTM_4.0.2/rtos/FreeRTOS_S32K/Source/portable/GCC/ARM_CM4F/port.c:217:13:prvTaskExitError	8	static
/home/ubuntu/S32_SDK_S32K1xx_RTM_4.0.2/rtos/FreeRTOS_S32K/Source/portable/GCC/ARM_CM4F/port.c:187:14:pxPortInitialiseStack	4	static
/home/ubuntu/S32_SDK_S32K1xx_RTM_4.0.2/rtos/FreeRTOS_S32K/Source/portable/GCC/ARM_CM4F/port.c:242:6:SVC_Handler	0	static
/home/ubuntu/S32_SDK_S32K1xx_RTM_4.0.2/rtos/FreeRTOS_S32K/Source/portable/GCC/ARM_CM4F/port.c:395:6:vPortEndScheduler	0	static
/home/ubuntu/S32_SDK_S32K1xx_RTM_4.0.2/rtos/FreeRTOS_S32K/Source/portable/GCC/ARM_CM4F/port.c:403:6:vPortEnterCritical	0	static
/home/ubuntu/S32_SDK_S32K1xx_RTM_4.0.2/rtos/FreeRTOS_S32K/Source/portable/GCC/ARM_CM4F/port.c:420:6:vPortExitCritical	0	static
/home/ubuntu/S32_SDK_S32K1xx_RTM_4.0.2/rtos/FreeRTOS_S32K/Source/portable/GCC/ARM_CM4F/port.c:431:6:PendSV_Handler	0	static
/home/ubuntu/S32_SDK_S32K1xx_RTM_4.0.2/rtos/FreeRTOS_S32K/Source/portable/GCC/ARM_CM4F/port.c:488:6:SysTick_Handler	8	static
/home/ubuntu/S32_SDK_S32K1xx_RTM_4.0.2/rtos/FreeRTOS_S32K/Source/portable/GCC/ARM_CM4F/port.c:679:30:vPortSetupTimerInterrupt	0	static
/home/ubuntu/S32_SDK_S32K1xx_RTM_4.0.2/rtos/FreeRTOS_S32K/Source/portable/GCC/ARM_CM4F/port.c:287:12:xPortStartScheduler	24	static
/home/ubuntu/S32_SDK_S32K1xx_RTM_4.0.2/rtos/FreeRTOS_S32K/Source/portable/GCC/ARM_CM4F/port.c:717:7:vPortValidateInterruptPriority	0	static
