/home/ubuntu/S32_SDK_S32K1xx_RTM_4.0.2/platform/drivers/src/csec/csec_driver.c:1484:13:CSEC_DRV_StartEncDecECBCmd	16	static
/home/ubuntu/S32_SDK_S32K1xx_RTM_4.0.2/platform/drivers/src/csec/csec_driver.c:1508:13:CSEC_DRV_StartEncDecCBCCmd	16	static
/home/ubuntu/S32_SDK_S32K1xx_RTM_4.0.2/platform/drivers/src/csec/csec_driver.c:1546:13:CSEC_DRV_StartGenMACCmd	16	static
/home/ubuntu/S32_SDK_S32K1xx_RTM_4.0.2/platform/drivers/src/csec/csec_driver.c:1569:13:CSEC_DRV_StartVerifMACCmd	16	static
/home/ubuntu/S32_SDK_S32K1xx_RTM_4.0.2/platform/drivers/src/csec/csec_driver.c:1604:13:CSEC_DRV_ContinueEncDecECBCmd	16	static
/home/ubuntu/S32_SDK_S32K1xx_RTM_4.0.2/platform/drivers/src/csec/csec_driver.c:1687:13:CSEC_DRV_ContinueGenMACCmd	0	static
/home/ubuntu/S32_SDK_S32K1xx_RTM_4.0.2/platform/drivers/src/csec/csec_driver.c:1727:13:CSEC_DRV_ContinueVerifMACCmd	0	static
/home/ubuntu/S32_SDK_S32K1xx_RTM_4.0.2/platform/drivers/src/csec/csec_driver.c:1640:13:CSEC_DRV_ContinueEncDecCBCCmd	8	static
/home/ubuntu/S32_SDK_S32K1xx_RTM_4.0.2/platform/drivers/src/csec/csec_driver.c:131:6:CSEC_DRV_Init	8	static
/home/ubuntu/S32_SDK_S32K1xx_RTM_4.0.2/platform/drivers/src/csec/csec_driver.c:151:6:CSEC_DRV_Deinit	0	static
/home/ubuntu/S32_SDK_S32K1xx_RTM_4.0.2/platform/drivers/src/csec/csec_driver.c:439:10:CSEC_DRV_GenerateMACAddrMode	32	static
/home/ubuntu/S32_SDK_S32K1xx_RTM_4.0.2/platform/drivers/src/csec/csec_driver.c:547:10:CSEC_DRV_VerifyMACAddrMode	40	static
/home/ubuntu/S32_SDK_S32K1xx_RTM_4.0.2/platform/drivers/src/csec/csec_driver.c:602:10:CSEC_DRV_LoadKey	24	static
/home/ubuntu/S32_SDK_S32K1xx_RTM_4.0.2/platform/drivers/src/csec/csec_driver.c:656:10:CSEC_DRV_LoadPlainKey	8	static
/home/ubuntu/S32_SDK_S32K1xx_RTM_4.0.2/platform/drivers/src/csec/csec_driver.c:693:10:CSEC_DRV_ExportRAMKey	32	static
/home/ubuntu/S32_SDK_S32K1xx_RTM_4.0.2/platform/drivers/src/csec/csec_driver.c:745:10:CSEC_DRV_InitRNG	0	static
/home/ubuntu/S32_SDK_S32K1xx_RTM_4.0.2/platform/drivers/src/csec/csec_driver.c:782:10:CSEC_DRV_ExtendSeed	8	static
/home/ubuntu/S32_SDK_S32K1xx_RTM_4.0.2/platform/drivers/src/csec/csec_driver.c:820:10:CSEC_DRV_GenerateRND	16	static
/home/ubuntu/S32_SDK_S32K1xx_RTM_4.0.2/platform/drivers/src/csec/csec_driver.c:860:10:CSEC_DRV_BootFailure	0	static
/home/ubuntu/S32_SDK_S32K1xx_RTM_4.0.2/platform/drivers/src/csec/csec_driver.c:894:10:CSEC_DRV_BootOK	0	static
/home/ubuntu/S32_SDK_S32K1xx_RTM_4.0.2/platform/drivers/src/csec/csec_driver.c:928:10:CSEC_DRV_BootDefine	24	static
/home/ubuntu/S32_SDK_S32K1xx_RTM_4.0.2/platform/drivers/src/csec/csec_driver.c:967:10:CSEC_DRV_GetID	24	static
/home/ubuntu/S32_SDK_S32K1xx_RTM_4.0.2/platform/drivers/src/csec/csec_driver.c:1019:10:CSEC_DRV_DbgChal	16	static
/home/ubuntu/S32_SDK_S32K1xx_RTM_4.0.2/platform/drivers/src/csec/csec_driver.c:1059:10:CSEC_DRV_DbgAuth	8	static
/home/ubuntu/S32_SDK_S32K1xx_RTM_4.0.2/platform/drivers/src/csec/csec_driver.c:1183:10:CSEC_DRV_EncryptECBAsync	16	static
/home/ubuntu/S32_SDK_S32K1xx_RTM_4.0.2/platform/drivers/src/csec/csec_driver.c:1215:10:CSEC_DRV_DecryptECBAsync	16	static
/home/ubuntu/S32_SDK_S32K1xx_RTM_4.0.2/platform/drivers/src/csec/csec_driver.c:1247:10:CSEC_DRV_EncryptCBCAsync	16	static
/home/ubuntu/S32_SDK_S32K1xx_RTM_4.0.2/platform/drivers/src/csec/csec_driver.c:1282:10:CSEC_DRV_DecryptCBCAsync	16	static
/home/ubuntu/S32_SDK_S32K1xx_RTM_4.0.2/platform/drivers/src/csec/csec_driver.c:1317:10:CSEC_DRV_GenerateMACAsync	16	static
/home/ubuntu/S32_SDK_S32K1xx_RTM_4.0.2/platform/drivers/src/csec/csec_driver.c:1350:10:CSEC_DRV_VerifyMACAsync	16	static
/home/ubuntu/S32_SDK_S32K1xx_RTM_4.0.2/platform/drivers/src/csec/csec_driver.c:1390:10:CSEC_DRV_GetAsyncCmdStatus	0	static
/home/ubuntu/S32_SDK_S32K1xx_RTM_4.0.2/platform/drivers/src/csec/csec_driver.c:1434:6:FTFC_IRQHandler	8	static
/home/ubuntu/S32_SDK_S32K1xx_RTM_4.0.2/platform/drivers/src/csec/csec_driver.c:1769:6:CSEC_DRV_InstallCallback	0	static
/home/ubuntu/S32_SDK_S32K1xx_RTM_4.0.2/platform/drivers/src/csec/csec_driver.c:1784:6:CSEC_DRV_CancelCommand	0	static
/home/ubuntu/S32_SDK_S32K1xx_RTM_4.0.2/platform/drivers/src/csec/csec_driver.c:166:10:CSEC_DRV_EncryptECB	16	static
/home/ubuntu/S32_SDK_S32K1xx_RTM_4.0.2/platform/drivers/src/csec/csec_driver.c:219:10:CSEC_DRV_DecryptECB	16	static
/home/ubuntu/S32_SDK_S32K1xx_RTM_4.0.2/platform/drivers/src/csec/csec_driver.c:271:10:CSEC_DRV_EncryptCBC	16	static
/home/ubuntu/S32_SDK_S32K1xx_RTM_4.0.2/platform/drivers/src/csec/csec_driver.c:327:10:CSEC_DRV_DecryptCBC	16	static
/home/ubuntu/S32_SDK_S32K1xx_RTM_4.0.2/platform/drivers/src/csec/csec_driver.c:383:10:CSEC_DRV_GenerateMAC	16	static
/home/ubuntu/S32_SDK_S32K1xx_RTM_4.0.2/platform/drivers/src/csec/csec_driver.c:484:10:CSEC_DRV_VerifyMAC	24	static
/home/ubuntu/S32_SDK_S32K1xx_RTM_4.0.2/platform/drivers/src/csec/csec_driver.c:1096:10:CSEC_DRV_MPCompress	48	static
