/home/ubuntu/S32_SDK_S32K1xx_RTM_4.0.2/platform/drivers/src/adc/adc_driver.c:69:6:ADC_DRV_InitConverterStruct	0	static
/home/ubuntu/S32_SDK_S32K1xx_RTM_4.0.2/platform/drivers/src/adc/adc_driver.c:94:6:ADC_DRV_ConfigConverter	40	static
/home/ubuntu/S32_SDK_S32K1xx_RTM_4.0.2/platform/drivers/src/adc/adc_driver.c:140:6:ADC_DRV_GetConverterConfig	32	static
/home/ubuntu/S32_SDK_S32K1xx_RTM_4.0.2/platform/drivers/src/adc/adc_driver.c:178:6:ADC_DRV_Reset	16	static
/home/ubuntu/S32_SDK_S32K1xx_RTM_4.0.2/platform/drivers/src/adc/adc_driver.c:236:6:ADC_DRV_InitHwCompareStruct	0	static
/home/ubuntu/S32_SDK_S32K1xx_RTM_4.0.2/platform/drivers/src/adc/adc_driver.c:255:6:ADC_DRV_ConfigHwCompare	0	static
/home/ubuntu/S32_SDK_S32K1xx_RTM_4.0.2/platform/drivers/src/adc/adc_driver.c:277:6:ADC_DRV_GetHwCompareConfig	4	static
/home/ubuntu/S32_SDK_S32K1xx_RTM_4.0.2/platform/drivers/src/adc/adc_driver.c:302:6:ADC_DRV_InitHwAverageStruct	0	static
/home/ubuntu/S32_SDK_S32K1xx_RTM_4.0.2/platform/drivers/src/adc/adc_driver.c:318:6:ADC_DRV_ConfigHwAverage	0	static
/home/ubuntu/S32_SDK_S32K1xx_RTM_4.0.2/platform/drivers/src/adc/adc_driver.c:337:6:ADC_DRV_GetHwAverageConfig	0	static
/home/ubuntu/S32_SDK_S32K1xx_RTM_4.0.2/platform/drivers/src/adc/adc_driver.c:359:6:ADC_DRV_InitChanStruct	0	static
/home/ubuntu/S32_SDK_S32K1xx_RTM_4.0.2/platform/drivers/src/adc/adc_driver.c:381:6:ADC_DRV_ConfigChan	8	static
/home/ubuntu/S32_SDK_S32K1xx_RTM_4.0.2/platform/drivers/src/adc/adc_driver.c:406:6:ADC_DRV_GetChanConfig	4	static
/home/ubuntu/S32_SDK_S32K1xx_RTM_4.0.2/platform/drivers/src/adc/adc_driver.c:426:6:ADC_DRV_SetSwPretrigger	16	static
/home/ubuntu/S32_SDK_S32K1xx_RTM_4.0.2/platform/drivers/src/adc/adc_driver.c:470:6:ADC_DRV_WaitConvDone	0	static
/home/ubuntu/S32_SDK_S32K1xx_RTM_4.0.2/platform/drivers/src/adc/adc_driver.c:490:6:ADC_DRV_GetConvCompleteFlag	0	static
/home/ubuntu/S32_SDK_S32K1xx_RTM_4.0.2/platform/drivers/src/adc/adc_driver.c:517:6:ADC_DRV_GetChanResult	0	static
/home/ubuntu/S32_SDK_S32K1xx_RTM_4.0.2/platform/drivers/src/adc/adc_driver.c:555:6:ADC_DRV_AutoCalibration	40	static
/home/ubuntu/S32_SDK_S32K1xx_RTM_4.0.2/platform/drivers/src/adc/adc_driver.c:642:6:ADC_DRV_InitUserCalibrationStruct	0	static
/home/ubuntu/S32_SDK_S32K1xx_RTM_4.0.2/platform/drivers/src/adc/adc_driver.c:658:6:ADC_DRV_ConfigUserCalibration	4	static
/home/ubuntu/S32_SDK_S32K1xx_RTM_4.0.2/platform/drivers/src/adc/adc_driver.c:677:6:ADC_DRV_GetUserCalibration	0	static
/home/ubuntu/S32_SDK_S32K1xx_RTM_4.0.2/platform/drivers/src/adc/adc_driver.c:695:11:ADC_DRV_GetInterruptNumber	0	static
/home/ubuntu/S32_SDK_S32K1xx_RTM_4.0.2/platform/drivers/src/adc/adc_driver.c:712:6:ADC_DRV_ClearLatchedTriggers	0	static
/home/ubuntu/S32_SDK_S32K1xx_RTM_4.0.2/platform/drivers/src/adc/adc_driver.c:737:6:ADC_DRV_ClearTriggerErrors	0	static
/home/ubuntu/S32_SDK_S32K1xx_RTM_4.0.2/platform/drivers/src/adc/adc_driver.c:753:10:ADC_DRV_GetTriggerErrorFlags	0	static
