/home/ubuntu/S32_SDK_S32K1xx_RTM_4.0.2/platform/drivers/src/flexcan/flexcan_driver.c:2069:17:FLEXCAN_StartSendData	56	static
/home/ubuntu/S32_SDK_S32K1xx_RTM_4.0.2/platform/drivers/src/flexcan/flexcan_driver.c:2138:17:FLEXCAN_StartRxMessageBufferData	32	static
/home/ubuntu/S32_SDK_S32K1xx_RTM_4.0.2/platform/drivers/src/flexcan/flexcan_driver.c:2204:17:FLEXCAN_StartRxMessageFifoData	40	static
/home/ubuntu/S32_SDK_S32K1xx_RTM_4.0.2/platform/drivers/src/flexcan/flexcan_driver.c:2375:13:FLEXCAN_CompleteRxMessageFifoData	24	static
/home/ubuntu/S32_SDK_S32K1xx_RTM_4.0.2/platform/drivers/src/flexcan/flexcan_driver.c:2346:13:FLEXCAN_CompleteRxFifoDataDMA	16	static
/home/ubuntu/S32_SDK_S32K1xx_RTM_4.0.2/platform/drivers/src/flexcan/flexcan_driver.c:159:6:FLEXCAN_DRV_SetBitrate	24	static
/home/ubuntu/S32_SDK_S32K1xx_RTM_4.0.2/platform/drivers/src/flexcan/flexcan_driver.c:204:6:FLEXCAN_DRV_SetBitrateCbt	24	static
/home/ubuntu/S32_SDK_S32K1xx_RTM_4.0.2/platform/drivers/src/flexcan/flexcan_driver.c:236:7:FLEXCAN_DRV_GetBitrate	4	static
/home/ubuntu/S32_SDK_S32K1xx_RTM_4.0.2/platform/drivers/src/flexcan/flexcan_driver.c:266:7:FLEXCAN_DRV_GetBitrateFD	4	static
/home/ubuntu/S32_SDK_S32K1xx_RTM_4.0.2/platform/drivers/src/flexcan/flexcan_driver.c:288:7:FLEXCAN_DRV_SetRxMaskType	16	static
/home/ubuntu/S32_SDK_S32K1xx_RTM_4.0.2/platform/drivers/src/flexcan/flexcan_driver.c:317:6:FLEXCAN_DRV_SetRxFifoGlobalMask	24	static
/home/ubuntu/S32_SDK_S32K1xx_RTM_4.0.2/platform/drivers/src/flexcan/flexcan_driver.c:372:6:FLEXCAN_DRV_SetRxMbGlobalMask	24	static
/home/ubuntu/S32_SDK_S32K1xx_RTM_4.0.2/platform/drivers/src/flexcan/flexcan_driver.c:416:6:FLEXCAN_DRV_SetRxMb14Mask	24	static
/home/ubuntu/S32_SDK_S32K1xx_RTM_4.0.2/platform/drivers/src/flexcan/flexcan_driver.c:460:6:FLEXCAN_DRV_SetRxMb15Mask	24	static
/home/ubuntu/S32_SDK_S32K1xx_RTM_4.0.2/platform/drivers/src/flexcan/flexcan_driver.c:504:10:FLEXCAN_DRV_SetRxIndividualMask	32	static
/home/ubuntu/S32_SDK_S32K1xx_RTM_4.0.2/platform/drivers/src/flexcan/flexcan_driver.c:687:10:FLEXCAN_DRV_Init	32	static
/home/ubuntu/S32_SDK_S32K1xx_RTM_4.0.2/platform/drivers/src/flexcan/flexcan_driver.c:887:10:FLEXCAN_DRV_ConfigTxMb	48	static
/home/ubuntu/S32_SDK_S32K1xx_RTM_4.0.2/platform/drivers/src/flexcan/flexcan_driver.c:931:10:FLEXCAN_DRV_ConfigRemoteResponseMb	32	static
/home/ubuntu/S32_SDK_S32K1xx_RTM_4.0.2/platform/drivers/src/flexcan/flexcan_driver.c:968:10:FLEXCAN_DRV_SendBlocking	40	static
/home/ubuntu/S32_SDK_S32K1xx_RTM_4.0.2/platform/drivers/src/flexcan/flexcan_driver.c:1070:10:FLEXCAN_DRV_Send	40	static
/home/ubuntu/S32_SDK_S32K1xx_RTM_4.0.2/platform/drivers/src/flexcan/flexcan_driver.c:1113:10:FLEXCAN_DRV_ConfigRxMb	40	static
/home/ubuntu/S32_SDK_S32K1xx_RTM_4.0.2/platform/drivers/src/flexcan/flexcan_driver.c:1175:6:FLEXCAN_DRV_ConfigRxFifo	16	static
/home/ubuntu/S32_SDK_S32K1xx_RTM_4.0.2/platform/drivers/src/flexcan/flexcan_driver.c:1209:10:FLEXCAN_DRV_ReceiveBlocking	32	static
/home/ubuntu/S32_SDK_S32K1xx_RTM_4.0.2/platform/drivers/src/flexcan/flexcan_driver.c:1268:10:FLEXCAN_DRV_Receive	16	static
/home/ubuntu/S32_SDK_S32K1xx_RTM_4.0.2/platform/drivers/src/flexcan/flexcan_driver.c:1298:10:FLEXCAN_DRV_RxFifoBlocking	24	static
/home/ubuntu/S32_SDK_S32K1xx_RTM_4.0.2/platform/drivers/src/flexcan/flexcan_driver.c:1358:10:FLEXCAN_DRV_RxFifo	0	static
/home/ubuntu/S32_SDK_S32K1xx_RTM_4.0.2/platform/drivers/src/flexcan/flexcan_driver.c:1379:10:FLEXCAN_DRV_Deinit	32	static
/home/ubuntu/S32_SDK_S32K1xx_RTM_4.0.2/platform/drivers/src/flexcan/flexcan_driver.c:1456:6:FLEXCAN_DRV_SetTDCOffset	16	static
/home/ubuntu/S32_SDK_S32K1xx_RTM_4.0.2/platform/drivers/src/flexcan/flexcan_driver.c:1485:9:FLEXCAN_DRV_GetTDCValue	0	static
/home/ubuntu/S32_SDK_S32K1xx_RTM_4.0.2/platform/drivers/src/flexcan/flexcan_driver.c:1501:6:FLEXCAN_DRV_GetTDCFail	0	static
/home/ubuntu/S32_SDK_S32K1xx_RTM_4.0.2/platform/drivers/src/flexcan/flexcan_driver.c:1517:6:FLEXCAN_DRV_ClearTDCFail	0	static
/home/ubuntu/S32_SDK_S32K1xx_RTM_4.0.2/platform/drivers/src/flexcan/flexcan_driver.c:1660:6:FLEXCAN_BusOff_IRQHandler	8	static
/home/ubuntu/S32_SDK_S32K1xx_RTM_4.0.2/platform/drivers/src/flexcan/flexcan_driver.c:1685:6:FLEXCAN_IRQHandler	120	static
/home/ubuntu/S32_SDK_S32K1xx_RTM_4.0.2/platform/drivers/src/flexcan/flexcan_driver.c:1823:6:FLEXCAN_Error_IRQHandler	8	static
/home/ubuntu/S32_SDK_S32K1xx_RTM_4.0.2/platform/drivers/src/flexcan/flexcan_driver.c:1853:6:FLEXCAN_WakeUpHandler	24	static
/home/ubuntu/S32_SDK_S32K1xx_RTM_4.0.2/platform/drivers/src/flexcan/flexcan_driver.c:1898:10:FLEXCAN_DRV_GetTransferStatus	0	static
/home/ubuntu/S32_SDK_S32K1xx_RTM_4.0.2/platform/drivers/src/flexcan/flexcan_driver.c:1931:10:FLEXCAN_DRV_GetErrorStatus	0	static
/home/ubuntu/S32_SDK_S32K1xx_RTM_4.0.2/platform/drivers/src/flexcan/flexcan_driver.c:1950:10:FLEXCAN_DRV_AbortTransfer	32	static
/home/ubuntu/S32_SDK_S32K1xx_RTM_4.0.2/platform/drivers/src/flexcan/flexcan_driver.c:2449:6:FLEXCAN_DRV_InstallEventCallback	0	static
/home/ubuntu/S32_SDK_S32K1xx_RTM_4.0.2/platform/drivers/src/flexcan/flexcan_driver.c:2469:6:FLEXCAN_DRV_InstallErrorCallback	16	static
/home/ubuntu/S32_SDK_S32K1xx_RTM_4.0.2/platform/drivers/src/flexcan/flexcan_driver.c:2517:6:FLEXCAN_DRV_ConfigPN	24	static
/home/ubuntu/S32_SDK_S32K1xx_RTM_4.0.2/platform/drivers/src/flexcan/flexcan_driver.c:2553:6:FLEXCAN_DRV_GetWMB	0	static
/home/ubuntu/S32_SDK_S32K1xx_RTM_4.0.2/platform/drivers/src/flexcan/flexcan_driver.c:2759:10:FLEXCAN_DRV_GetDefaultConfig	72	static
