/home/ubuntu/S32_SDK_S32K1xx_RTM_4.0.2/platform/drivers/src/flexcan/flexcan_hw_access.c:160:10:FLEXCAN_GetRxFifoMask	0	static
/home/ubuntu/S32_SDK_S32K1xx_RTM_4.0.2/platform/drivers/src/flexcan/flexcan_hw_access.c:325:10:FLEXCAN_GetMaxMbNum	0	static
/home/ubuntu/S32_SDK_S32K1xx_RTM_4.0.2/platform/drivers/src/flexcan/flexcan_hw_access.c:402:20:FLEXCAN_GetMsgBuffRegion	4	static
/home/ubuntu/S32_SDK_S32K1xx_RTM_4.0.2/platform/drivers/src/flexcan/flexcan_hw_access.c:434:6:FLEXCAN_Enable	0	static
/home/ubuntu/S32_SDK_S32K1xx_RTM_4.0.2/platform/drivers/src/flexcan/flexcan_hw_access.c:455:6:FLEXCAN_Disable	0	static
/home/ubuntu/S32_SDK_S32K1xx_RTM_4.0.2/platform/drivers/src/flexcan/flexcan_hw_access.c:478:6:FLEXCAN_Init	4	static
/home/ubuntu/S32_SDK_S32K1xx_RTM_4.0.2/platform/drivers/src/flexcan/flexcan_hw_access.c:573:10:FLEXCAN_SetTxMsgBuff	32	static
/home/ubuntu/S32_SDK_S32K1xx_RTM_4.0.2/platform/drivers/src/flexcan/flexcan_hw_access.c:739:6:FLEXCAN_AbortTxMsgBuff	0	static
/home/ubuntu/S32_SDK_S32K1xx_RTM_4.0.2/platform/drivers/src/flexcan/flexcan_hw_access.c:767:6:FLEXCAN_ResetRxMsgBuff	0	static
/home/ubuntu/S32_SDK_S32K1xx_RTM_4.0.2/platform/drivers/src/flexcan/flexcan_hw_access.c:797:10:FLEXCAN_SetRxMsgBuff	12	static
/home/ubuntu/S32_SDK_S32K1xx_RTM_4.0.2/platform/drivers/src/flexcan/flexcan_hw_access.c:882:6:FLEXCAN_GetMsgBuff	12	static
/home/ubuntu/S32_SDK_S32K1xx_RTM_4.0.2/platform/drivers/src/flexcan/flexcan_hw_access.c:968:6:FLEXCAN_LockRxMsgBuff	0	static
/home/ubuntu/S32_SDK_S32K1xx_RTM_4.0.2/platform/drivers/src/flexcan/flexcan_hw_access.c:985:10:FLEXCAN_EnableRxFifo	4	static
/home/ubuntu/S32_SDK_S32K1xx_RTM_4.0.2/platform/drivers/src/flexcan/flexcan_hw_access.c:1025:10:FLEXCAN_SetMaxMsgBuffNum	24	static
/home/ubuntu/S32_SDK_S32K1xx_RTM_4.0.2/platform/drivers/src/flexcan/flexcan_hw_access.c:1087:6:FLEXCAN_SetRxFifoFilter	24	static
/home/ubuntu/S32_SDK_S32K1xx_RTM_4.0.2/platform/drivers/src/flexcan/flexcan_hw_access.c:1264:10:FLEXCAN_SetMsgBuffIntCmd	0	static
/home/ubuntu/S32_SDK_S32K1xx_RTM_4.0.2/platform/drivers/src/flexcan/flexcan_hw_access.c:1321:6:FLEXCAN_SetErrIntCmd	0	static
/home/ubuntu/S32_SDK_S32K1xx_RTM_4.0.2/platform/drivers/src/flexcan/flexcan_hw_access.c:1362:6:FLEXCAN_ExitFreezeMode	0	static
/home/ubuntu/S32_SDK_S32K1xx_RTM_4.0.2/platform/drivers/src/flexcan/flexcan_hw_access.c:1377:6:FLEXCAN_EnterFreezeMode	4	static
/home/ubuntu/S32_SDK_S32K1xx_RTM_4.0.2/platform/drivers/src/flexcan/flexcan_hw_access.c:1514:6:FLEXCAN_ClearErrIntStatusFlag	0	static
/home/ubuntu/S32_SDK_S32K1xx_RTM_4.0.2/platform/drivers/src/flexcan/flexcan_hw_access.c:1537:6:FLEXCAN_ClearBusOffIntStatusFlag	0	static
/home/ubuntu/S32_SDK_S32K1xx_RTM_4.0.2/platform/drivers/src/flexcan/flexcan_hw_access.c:1555:6:FLEXCAN_ReadRxFifo	8	static
/home/ubuntu/S32_SDK_S32K1xx_RTM_4.0.2/platform/drivers/src/flexcan/flexcan_hw_access.c:1628:6:FLEXCAN_SetOperationMode	0	static
/home/ubuntu/S32_SDK_S32K1xx_RTM_4.0.2/platform/drivers/src/flexcan/flexcan_hw_access.c:1669:7:FLEXCAN_IsOutOfRangeMbIdx	0	static
/home/ubuntu/S32_SDK_S32K1xx_RTM_4.0.2/platform/drivers/src/flexcan/flexcan_hw_access.c:1704:6:FLEXCAN_SetPayloadSize	0	static
/home/ubuntu/S32_SDK_S32K1xx_RTM_4.0.2/platform/drivers/src/flexcan/flexcan_hw_access.c:1737:9:FLEXCAN_GetPayloadSize	0	static
/home/ubuntu/S32_SDK_S32K1xx_RTM_4.0.2/platform/drivers/src/flexcan/flexcan_hw_access.c:1763:6:FLEXCAN_ConfigPN	20	static
