/home/ubuntu/S32_SDK_S32K1xx_RTM_4.0.2/platform/drivers/src/flash/flash_driver.c:225:10:FLASH_DRV_Init	4	static
/home/ubuntu/S32_SDK_S32K1xx_RTM_4.0.2/platform/drivers/src/flash/flash_driver.c:314:6:FLASH_DRV_GetPFlashProtection	0	static
/home/ubuntu/S32_SDK_S32K1xx_RTM_4.0.2/platform/drivers/src/flash/flash_driver.c:337:10:FLASH_DRV_SetPFlashProtection	12	static
/home/ubuntu/S32_SDK_S32K1xx_RTM_4.0.2/platform/drivers/src/flash/flash_driver.c:378:6:FLASH_DRV_GetSecurityState	0	static
/home/ubuntu/S32_SDK_S32K1xx_RTM_4.0.2/platform/drivers/src/flash/flash_driver.c:420:10:FLASH_DRV_SecurityBypass	16	static
/home/ubuntu/S32_SDK_S32K1xx_RTM_4.0.2/platform/drivers/src/flash/flash_driver.c:461:10:FLASH_DRV_EraseAllBlock	16	static
/home/ubuntu/S32_SDK_S32K1xx_RTM_4.0.2/platform/drivers/src/flash/flash_driver.c:495:10:FLASH_DRV_VerifyAllBlock	16	static
/home/ubuntu/S32_SDK_S32K1xx_RTM_4.0.2/platform/drivers/src/flash/flash_driver.c:531:10:FLASH_DRV_EraseSector	32	static
/home/ubuntu/S32_SDK_S32K1xx_RTM_4.0.2/platform/drivers/src/flash/flash_driver.c:612:10:FLASH_DRV_VerifySection	16	static
/home/ubuntu/S32_SDK_S32K1xx_RTM_4.0.2/platform/drivers/src/flash/flash_driver.c:682:6:FLASH_DRV_EraseSuspend	0	static
/home/ubuntu/S32_SDK_S32K1xx_RTM_4.0.2/platform/drivers/src/flash/flash_driver.c:707:6:FLASH_DRV_EraseResume	0	static
/home/ubuntu/S32_SDK_S32K1xx_RTM_4.0.2/platform/drivers/src/flash/flash_driver.c:732:10:FLASH_DRV_ReadOnce	16	static
/home/ubuntu/S32_SDK_S32K1xx_RTM_4.0.2/platform/drivers/src/flash/flash_driver.c:783:10:FLASH_DRV_ProgramOnce	16	static
/home/ubuntu/S32_SDK_S32K1xx_RTM_4.0.2/platform/drivers/src/flash/flash_driver.c:908:10:FLASH_DRV_Program	40	static
/home/ubuntu/S32_SDK_S32K1xx_RTM_4.0.2/platform/drivers/src/flash/flash_driver.c:1000:10:FLASH_DRV_ProgramCheck	48	static
/home/ubuntu/S32_SDK_S32K1xx_RTM_4.0.2/platform/drivers/src/flash/flash_driver.c:1041:10:FLASH_DRV_CheckSum	24	static
/home/ubuntu/S32_SDK_S32K1xx_RTM_4.0.2/platform/drivers/src/flash/flash_driver.c:1115:10:FLASH_DRV_ProgramSection	16	static
/home/ubuntu/S32_SDK_S32K1xx_RTM_4.0.2/platform/drivers/src/flash/flash_driver.c:1194:10:FLASH_DRV_EraseBlock	16	static
/home/ubuntu/S32_SDK_S32K1xx_RTM_4.0.2/platform/drivers/src/flash/flash_driver.c:1261:10:FLASH_DRV_VerifyBlock	16	static
/home/ubuntu/S32_SDK_S32K1xx_RTM_4.0.2/platform/drivers/src/flash/flash_driver.c:1331:10:FLASH_DRV_GetEERAMProtection	0	static
/home/ubuntu/S32_SDK_S32K1xx_RTM_4.0.2/platform/drivers/src/flash/flash_driver.c:1359:10:FLASH_DRV_SetEERAMProtection	0	static
/home/ubuntu/S32_SDK_S32K1xx_RTM_4.0.2/platform/drivers/src/flash/flash_driver.c:1399:10:FLASH_DRV_SetFlexRamFunction	24	static
/home/ubuntu/S32_SDK_S32K1xx_RTM_4.0.2/platform/drivers/src/flash/flash_driver.c:1563:10:FLASH_DRV_EEEWrite	32	static
/home/ubuntu/S32_SDK_S32K1xx_RTM_4.0.2/platform/drivers/src/flash/flash_driver.c:1643:10:FLASH_DRV_DEFlashPartition	16	static
/home/ubuntu/S32_SDK_S32K1xx_RTM_4.0.2/platform/drivers/src/flash/flash_driver.c:1688:10:FLASH_DRV_GetDFlashProtection	0	static
/home/ubuntu/S32_SDK_S32K1xx_RTM_4.0.2/platform/drivers/src/flash/flash_driver.c:1718:10:FLASH_DRV_SetDFlashProtection	0	static
/home/ubuntu/S32_SDK_S32K1xx_RTM_4.0.2/platform/drivers/src/flash/flash_driver.c:1952:10:FLASH_DRV_EraseAllBlockUnsecure	16	static
/home/ubuntu/S32_SDK_S32K1xx_RTM_4.0.2/platform/drivers/src/flash/flash_driver.c:1986:10:FLASH_DRV_EnableCmdCompleteInterupt	8	static
/home/ubuntu/S32_SDK_S32K1xx_RTM_4.0.2/platform/drivers/src/flash/flash_driver.c:2004:6:FLASH_DRV_DisableCmdCompleteInterupt	0	static
/home/ubuntu/S32_SDK_S32K1xx_RTM_4.0.2/platform/drivers/src/flash/flash_driver.c:2021:10:FLASH_DRV_EnableReadColisionInterupt	8	static
/home/ubuntu/S32_SDK_S32K1xx_RTM_4.0.2/platform/drivers/src/flash/flash_driver.c:2039:6:FLASH_DRV_DisableReadColisionInterupt	0	static
/home/ubuntu/S32_SDK_S32K1xx_RTM_4.0.2/platform/drivers/src/flash/flash_driver.c:2058:10:FLASH_DRV_EnableDoubleBitFaultInterupt	8	static
/home/ubuntu/S32_SDK_S32K1xx_RTM_4.0.2/platform/drivers/src/flash/flash_driver.c:2077:6:FLASH_DRV_DisableDoubleBitFaultInterupt	0	static
/home/ubuntu/S32_SDK_S32K1xx_RTM_4.0.2/platform/drivers/src/flash/flash_driver.c:2191:6:FLASH_DRV_GetDefaultConfig	4	static
