/home/ubuntu/S32_SDK_S32K1xx_RTM_4.0.2/platform/drivers/src/lpuart/lin_lpuart_driver.c:1271:17:LIN_LPUART_DRV_WaitComplete	16	static
/home/ubuntu/S32_SDK_S32K1xx_RTM_4.0.2/platform/drivers/src/lpuart/lin_lpuart_driver.c:133:10:LIN_LPUART_DRV_Init	56	static
/home/ubuntu/S32_SDK_S32K1xx_RTM_4.0.2/platform/drivers/src/lpuart/lin_lpuart_driver.c:278:6:LIN_LPUART_DRV_Deinit	32	static
/home/ubuntu/S32_SDK_S32K1xx_RTM_4.0.2/platform/drivers/src/lpuart/lin_lpuart_driver.c:329:6:LIN_LPUART_DRV_GetDefaultConfig	0	static
/home/ubuntu/S32_SDK_S32K1xx_RTM_4.0.2/platform/drivers/src/lpuart/lin_lpuart_driver.c:356:16:LIN_LPUART_DRV_InstallCallback	0	static
/home/ubuntu/S32_SDK_S32K1xx_RTM_4.0.2/platform/drivers/src/lpuart/lin_lpuart_driver.c:516:10:LIN_LPUART_DRV_SendFrameData	24	static
/home/ubuntu/S32_SDK_S32K1xx_RTM_4.0.2/platform/drivers/src/lpuart/lin_lpuart_driver.c:587:10:LIN_LPUART_DRV_GetTransmitStatus	0	static
/home/ubuntu/S32_SDK_S32K1xx_RTM_4.0.2/platform/drivers/src/lpuart/lin_lpuart_driver.c:632:10:LIN_LPUART_DRV_RecvFrmDataBlocking	16	static
/home/ubuntu/S32_SDK_S32K1xx_RTM_4.0.2/platform/drivers/src/lpuart/lin_lpuart_driver.c:714:10:LIN_LPUART_DRV_RecvFrmData	8	static
/home/ubuntu/S32_SDK_S32K1xx_RTM_4.0.2/platform/drivers/src/lpuart/lin_lpuart_driver.c:809:10:LIN_LPUART_DRV_GetReceiveStatus	0	static
/home/ubuntu/S32_SDK_S32K1xx_RTM_4.0.2/platform/drivers/src/lpuart/lin_lpuart_driver.c:847:10:LIN_LPUART_DRV_GoToSleepMode	16	static
/home/ubuntu/S32_SDK_S32K1xx_RTM_4.0.2/platform/drivers/src/lpuart/lin_lpuart_driver.c:894:10:LIN_LPUART_DRV_SendWakeupSignal	0	static
/home/ubuntu/S32_SDK_S32K1xx_RTM_4.0.2/platform/drivers/src/lpuart/lin_lpuart_driver.c:926:18:LIN_LPUART_DRV_GetCurrentNodeState	0	static
/home/ubuntu/S32_SDK_S32K1xx_RTM_4.0.2/platform/drivers/src/lpuart/lin_lpuart_driver.c:1040:6:LIN_LPUART_DRV_SetTimeoutCounter	0	static
/home/ubuntu/S32_SDK_S32K1xx_RTM_4.0.2/platform/drivers/src/lpuart/lin_lpuart_driver.c:1070:10:LIN_LPUART_DRV_MasterSendHeader	16	static
/home/ubuntu/S32_SDK_S32K1xx_RTM_4.0.2/platform/drivers/src/lpuart/lin_lpuart_driver.c:1134:10:LIN_LPUART_DRV_EnableIRQ	24	static
/home/ubuntu/S32_SDK_S32K1xx_RTM_4.0.2/platform/drivers/src/lpuart/lin_lpuart_driver.c:1180:10:LIN_LPUART_DRV_DisableIRQ	24	static
/home/ubuntu/S32_SDK_S32K1xx_RTM_4.0.2/platform/drivers/src/lpuart/lin_lpuart_driver.c:1226:10:LIN_LPUART_DRV_GotoIdleState	16	static
/home/ubuntu/S32_SDK_S32K1xx_RTM_4.0.2/platform/drivers/src/lpuart/lin_lpuart_driver.c:430:10:LIN_LPUART_DRV_SendFrameDataBlocking	32	static
/home/ubuntu/S32_SDK_S32K1xx_RTM_4.0.2/platform/drivers/src/lpuart/lin_lpuart_driver.c:778:10:LIN_LPUART_DRV_AbortTransferData	8	static
/home/ubuntu/S32_SDK_S32K1xx_RTM_4.0.2/platform/drivers/src/lpuart/lin_lpuart_driver.c:953:6:LIN_LPUART_DRV_TimeoutService	16	static
/home/ubuntu/S32_SDK_S32K1xx_RTM_4.0.2/platform/drivers/src/lpuart/lin_lpuart_driver.c:1307:6:LIN_LPUART_DRV_IRQHandler	48	static
/home/ubuntu/S32_SDK_S32K1xx_RTM_4.0.2/platform/drivers/src/lpuart/lin_lpuart_driver.c:2119:10:LIN_LPUART_DRV_AutoBaudCapture	48	static
