/home/ubuntu/S32_SDK_S32K1xx_RTM_4.0.2/platform/drivers/src/lpuart/lpuart_driver.c:1407:17:LPUART_DRV_StartSendDataUsingInt	8	static
/home/ubuntu/S32_SDK_S32K1xx_RTM_4.0.2/platform/drivers/src/lpuart/lpuart_driver.c:1452:17:LPUART_DRV_StartSendDataUsingDma	40	static
/home/ubuntu/S32_SDK_S32K1xx_RTM_4.0.2/platform/drivers/src/lpuart/lpuart_driver.c:1506:13:LPUART_DRV_CompleteSendDataUsingInt	16	static
/home/ubuntu/S32_SDK_S32K1xx_RTM_4.0.2/platform/drivers/src/lpuart/lpuart_driver.c:1925:13:LPUART_DRV_StopTxDma	16	static
/home/ubuntu/S32_SDK_S32K1xx_RTM_4.0.2/platform/drivers/src/lpuart/lpuart_driver.c:1550:13:LPUART_DRV_TxDmaCallback	16	static
/home/ubuntu/S32_SDK_S32K1xx_RTM_4.0.2/platform/drivers/src/lpuart/lpuart_driver.c:1837:13:LPUART_DRV_PutData	0	static
/home/ubuntu/S32_SDK_S32K1xx_RTM_4.0.2/platform/drivers/src/lpuart/lpuart_driver.c:1610:17:LPUART_DRV_StartReceiveDataUsingInt	8	static
/home/ubuntu/S32_SDK_S32K1xx_RTM_4.0.2/platform/drivers/src/lpuart/lpuart_driver.c:1659:17:LPUART_DRV_StartReceiveDataUsingDma	48	static
/home/ubuntu/S32_SDK_S32K1xx_RTM_4.0.2/platform/drivers/src/lpuart/lpuart_driver.c:1717:13:LPUART_DRV_CompleteReceiveDataUsingInt	16	static
/home/ubuntu/S32_SDK_S32K1xx_RTM_4.0.2/platform/drivers/src/lpuart/lpuart_driver.c:1967:13:LPUART_DRV_StopRxDma	16	static
/home/ubuntu/S32_SDK_S32K1xx_RTM_4.0.2/platform/drivers/src/lpuart/lpuart_driver.c:1762:13:LPUART_DRV_RxDmaCallback	16	static
/home/ubuntu/S32_SDK_S32K1xx_RTM_4.0.2/platform/drivers/src/lpuart/lpuart_driver.c:1879:13:LPUART_DRV_GetData	16	static
/home/ubuntu/S32_SDK_S32K1xx_RTM_4.0.2/platform/drivers/src/lpuart/lpuart_driver.c:145:6:LPUART_DRV_GetDefaultConfig	0	static
/home/ubuntu/S32_SDK_S32K1xx_RTM_4.0.2/platform/drivers/src/lpuart/lpuart_driver.c:278:10:LPUART_DRV_Deinit	48	static
/home/ubuntu/S32_SDK_S32K1xx_RTM_4.0.2/platform/drivers/src/lpuart/lpuart_driver.c:319:17:LPUART_DRV_InstallRxCallback	0	static
/home/ubuntu/S32_SDK_S32K1xx_RTM_4.0.2/platform/drivers/src/lpuart/lpuart_driver.c:342:17:LPUART_DRV_InstallTxCallback	0	static
/home/ubuntu/S32_SDK_S32K1xx_RTM_4.0.2/platform/drivers/src/lpuart/lpuart_driver.c:365:10:LPUART_DRV_SendDataBlocking	24	static
/home/ubuntu/S32_SDK_S32K1xx_RTM_4.0.2/platform/drivers/src/lpuart/lpuart_driver.c:430:10:LPUART_DRV_SendDataPolling	32	static
/home/ubuntu/S32_SDK_S32K1xx_RTM_4.0.2/platform/drivers/src/lpuart/lpuart_driver.c:490:10:LPUART_DRV_SendData	0	static
/home/ubuntu/S32_SDK_S32K1xx_RTM_4.0.2/platform/drivers/src/lpuart/lpuart_driver.c:534:10:LPUART_DRV_GetTransmitStatus	16	static
/home/ubuntu/S32_SDK_S32K1xx_RTM_4.0.2/platform/drivers/src/lpuart/lpuart_driver.c:580:10:LPUART_DRV_AbortSendingData	8	static
/home/ubuntu/S32_SDK_S32K1xx_RTM_4.0.2/platform/drivers/src/lpuart/lpuart_driver.c:618:10:LPUART_DRV_ReceiveDataBlocking	24	static
/home/ubuntu/S32_SDK_S32K1xx_RTM_4.0.2/platform/drivers/src/lpuart/lpuart_driver.c:683:10:LPUART_DRV_ReceiveDataPolling	40	static
/home/ubuntu/S32_SDK_S32K1xx_RTM_4.0.2/platform/drivers/src/lpuart/lpuart_driver.c:803:10:LPUART_DRV_ReceiveData	0	static
/home/ubuntu/S32_SDK_S32K1xx_RTM_4.0.2/platform/drivers/src/lpuart/lpuart_driver.c:846:10:LPUART_DRV_GetReceiveStatus	16	static
/home/ubuntu/S32_SDK_S32K1xx_RTM_4.0.2/platform/drivers/src/lpuart/lpuart_driver.c:891:10:LPUART_DRV_AbortReceivingData	8	static
/home/ubuntu/S32_SDK_S32K1xx_RTM_4.0.2/platform/drivers/src/lpuart/lpuart_driver.c:931:10:LPUART_DRV_SetBaudRate	32	static
/home/ubuntu/S32_SDK_S32K1xx_RTM_4.0.2/platform/drivers/src/lpuart/lpuart_driver.c:181:10:LPUART_DRV_Init	40	static
/home/ubuntu/S32_SDK_S32K1xx_RTM_4.0.2/platform/drivers/src/lpuart/lpuart_driver.c:1036:6:LPUART_DRV_GetBaudRate	24	static
/home/ubuntu/S32_SDK_S32K1xx_RTM_4.0.2/platform/drivers/src/lpuart/lpuart_driver.c:1065:10:LPUART_DRV_SetTxBuffer	0	static
/home/ubuntu/S32_SDK_S32K1xx_RTM_4.0.2/platform/drivers/src/lpuart/lpuart_driver.c:1089:10:LPUART_DRV_SetRxBuffer	0	static
/home/ubuntu/S32_SDK_S32K1xx_RTM_4.0.2/platform/drivers/src/lpuart/lpuart_driver.c:1113:6:LPUART_DRV_IRQHandler	24	static
