/home/ubuntu/S32_SDK_S32K1xx_RTM_4.0.2/platform/drivers/src/lpit/lpit_driver.c:87:6:LPIT_DRV_GetDefaultConfig	0	static
/home/ubuntu/S32_SDK_S32K1xx_RTM_4.0.2/platform/drivers/src/lpit/lpit_driver.c:102:6:LPIT_DRV_GetDefaultChanConfig	0	static
/home/ubuntu/S32_SDK_S32K1xx_RTM_4.0.2/platform/drivers/src/lpit/lpit_driver.c:130:6:LPIT_DRV_Init	24	static
/home/ubuntu/S32_SDK_S32K1xx_RTM_4.0.2/platform/drivers/src/lpit/lpit_driver.c:177:6:LPIT_DRV_Deinit	0	static
/home/ubuntu/S32_SDK_S32K1xx_RTM_4.0.2/platform/drivers/src/lpit/lpit_driver.c:279:6:LPIT_DRV_StartTimerChannels	0	static
/home/ubuntu/S32_SDK_S32K1xx_RTM_4.0.2/platform/drivers/src/lpit/lpit_driver.c:303:6:LPIT_DRV_StopTimerChannels	0	static
/home/ubuntu/S32_SDK_S32K1xx_RTM_4.0.2/platform/drivers/src/lpit/lpit_driver.c:329:10:LPIT_DRV_SetTimerPeriodByUs	24	static
/home/ubuntu/S32_SDK_S32K1xx_RTM_4.0.2/platform/drivers/src/lpit/lpit_driver.c:204:10:LPIT_DRV_InitChannel	32	static
/home/ubuntu/S32_SDK_S32K1xx_RTM_4.0.2/platform/drivers/src/lpit/lpit_driver.c:400:10:LPIT_DRV_SetTimerPeriodInDual16ModeByUs	24	static
/home/ubuntu/S32_SDK_S32K1xx_RTM_4.0.2/platform/drivers/src/lpit/lpit_driver.c:453:10:LPIT_DRV_GetTimerPeriodByUs	24	static
/home/ubuntu/S32_SDK_S32K1xx_RTM_4.0.2/platform/drivers/src/lpit/lpit_driver.c:512:10:LPIT_DRV_GetCurrentTimerUs	16	static
/home/ubuntu/S32_SDK_S32K1xx_RTM_4.0.2/platform/drivers/src/lpit/lpit_driver.c:560:6:LPIT_DRV_SetTimerPeriodByCount	0	static
/home/ubuntu/S32_SDK_S32K1xx_RTM_4.0.2/platform/drivers/src/lpit/lpit_driver.c:588:6:LPIT_DRV_SetTimerPeriodInDual16ModeByCount	0	static
/home/ubuntu/S32_SDK_S32K1xx_RTM_4.0.2/platform/drivers/src/lpit/lpit_driver.c:614:10:LPIT_DRV_GetTimerPeriodByCount	0	static
/home/ubuntu/S32_SDK_S32K1xx_RTM_4.0.2/platform/drivers/src/lpit/lpit_driver.c:648:10:LPIT_DRV_GetCurrentTimerCount	0	static
/home/ubuntu/S32_SDK_S32K1xx_RTM_4.0.2/platform/drivers/src/lpit/lpit_driver.c:680:6:LPIT_DRV_EnableTimerChannelInterrupt	0	static
/home/ubuntu/S32_SDK_S32K1xx_RTM_4.0.2/platform/drivers/src/lpit/lpit_driver.c:701:6:LPIT_DRV_DisableTimerChannelInterrupt	0	static
/home/ubuntu/S32_SDK_S32K1xx_RTM_4.0.2/platform/drivers/src/lpit/lpit_driver.c:723:10:LPIT_DRV_GetInterruptFlagTimerChannels	0	static
/home/ubuntu/S32_SDK_S32K1xx_RTM_4.0.2/platform/drivers/src/lpit/lpit_driver.c:744:6:LPIT_DRV_ClearInterruptFlagTimerChannels	0	static
