/home/ubuntu/S32_SDK_S32K1xx_RTM_4.0.2/platform/drivers/src/edma/edma_driver.c:1545:6:EDMA_DRV_PushConfigToSTCD.part.0	8	static
/home/ubuntu/S32_SDK_S32K1xx_RTM_4.0.2/platform/drivers/src/edma/edma_driver.c:239:10:EDMA_DRV_Deinit	32	static
/home/ubuntu/S32_SDK_S32K1xx_RTM_4.0.2/platform/drivers/src/edma/edma_driver.c:365:10:EDMA_DRV_InstallCallback	4	static
/home/ubuntu/S32_SDK_S32K1xx_RTM_4.0.2/platform/drivers/src/edma/edma_driver.c:391:10:EDMA_DRV_ReleaseChannel	16	static
/home/ubuntu/S32_SDK_S32K1xx_RTM_4.0.2/platform/drivers/src/edma/edma_driver.c:459:6:EDMA_DRV_IRQHandler	0	static
/home/ubuntu/S32_SDK_S32K1xx_RTM_4.0.2/platform/drivers/src/edma/edma_driver.c:479:6:EDMA_DRV_ErrorIRQHandler	16	static
/home/ubuntu/S32_SDK_S32K1xx_RTM_4.0.2/platform/drivers/src/edma/edma_driver.c:509:10:EDMA_DRV_ConfigSingleBlockTransfer	56	static
/home/ubuntu/S32_SDK_S32K1xx_RTM_4.0.2/platform/drivers/src/edma/edma_driver.c:629:10:EDMA_DRV_ConfigMultiBlockTransfer	32	static
/home/ubuntu/S32_SDK_S32K1xx_RTM_4.0.2/platform/drivers/src/edma/edma_driver.c:907:10:EDMA_DRV_StartChannel	8	static
/home/ubuntu/S32_SDK_S32K1xx_RTM_4.0.2/platform/drivers/src/edma/edma_driver.c:938:10:EDMA_DRV_StopChannel	8	static
/home/ubuntu/S32_SDK_S32K1xx_RTM_4.0.2/platform/drivers/src/edma/edma_driver.c:970:10:EDMA_DRV_SetChannelRequestAndTrigger	4	static
/home/ubuntu/S32_SDK_S32K1xx_RTM_4.0.2/platform/drivers/src/edma/edma_driver.c:287:10:EDMA_DRV_ChannelInit	32	static
/home/ubuntu/S32_SDK_S32K1xx_RTM_4.0.2/platform/drivers/src/edma/edma_driver.c:123:10:EDMA_DRV_Init	24	static
/home/ubuntu/S32_SDK_S32K1xx_RTM_4.0.2/platform/drivers/src/edma/edma_driver.c:1019:6:EDMA_DRV_ClearTCD	0	static
/home/ubuntu/S32_SDK_S32K1xx_RTM_4.0.2/platform/drivers/src/edma/edma_driver.c:1048:6:EDMA_DRV_SetSrcAddr	0	static
/home/ubuntu/S32_SDK_S32K1xx_RTM_4.0.2/platform/drivers/src/edma/edma_driver.c:1078:6:EDMA_DRV_SetSrcOffset	0	static
/home/ubuntu/S32_SDK_S32K1xx_RTM_4.0.2/platform/drivers/src/edma/edma_driver.c:1108:6:EDMA_DRV_SetSrcReadChunkSize	0	static
/home/ubuntu/S32_SDK_S32K1xx_RTM_4.0.2/platform/drivers/src/edma/edma_driver.c:1138:6:EDMA_DRV_SetSrcLastAddrAdjustment	0	static
/home/ubuntu/S32_SDK_S32K1xx_RTM_4.0.2/platform/drivers/src/edma/edma_driver.c:1168:6:EDMA_DRV_SetDestLastAddrAdjustment	0	static
/home/ubuntu/S32_SDK_S32K1xx_RTM_4.0.2/platform/drivers/src/edma/edma_driver.c:1198:6:EDMA_DRV_SetDestAddr	0	static
/home/ubuntu/S32_SDK_S32K1xx_RTM_4.0.2/platform/drivers/src/edma/edma_driver.c:1228:6:EDMA_DRV_SetDestOffset	0	static
/home/ubuntu/S32_SDK_S32K1xx_RTM_4.0.2/platform/drivers/src/edma/edma_driver.c:1258:6:EDMA_DRV_SetDestWriteChunkSize	0	static
/home/ubuntu/S32_SDK_S32K1xx_RTM_4.0.2/platform/drivers/src/edma/edma_driver.c:1288:6:EDMA_DRV_SetMinorLoopBlockSize	0	static
/home/ubuntu/S32_SDK_S32K1xx_RTM_4.0.2/platform/drivers/src/edma/edma_driver.c:1318:6:EDMA_DRV_SetMajorLoopIterationCount	0	static
/home/ubuntu/S32_SDK_S32K1xx_RTM_4.0.2/platform/drivers/src/edma/edma_driver.c:1348:10:EDMA_DRV_GetRemainingMajorIterationsCount	0	static
/home/ubuntu/S32_SDK_S32K1xx_RTM_4.0.2/platform/drivers/src/edma/edma_driver.c:1379:6:EDMA_DRV_SetScatterGatherLink	0	static
/home/ubuntu/S32_SDK_S32K1xx_RTM_4.0.2/platform/drivers/src/edma/edma_driver.c:1409:6:EDMA_DRV_DisableRequestsOnTransferComplete	0	static
/home/ubuntu/S32_SDK_S32K1xx_RTM_4.0.2/platform/drivers/src/edma/edma_driver.c:1439:6:EDMA_DRV_ConfigureInterrupt	0	static
/home/ubuntu/S32_SDK_S32K1xx_RTM_4.0.2/platform/drivers/src/edma/edma_driver.c:1487:6:EDMA_DRV_CancelTransfer	0	static
/home/ubuntu/S32_SDK_S32K1xx_RTM_4.0.2/platform/drivers/src/edma/edma_driver.c:1516:6:EDMA_DRV_TriggerSwRequest	0	static
/home/ubuntu/S32_SDK_S32K1xx_RTM_4.0.2/platform/drivers/src/edma/edma_driver.c:1545:6:EDMA_DRV_PushConfigToSTCD	0	static
/home/ubuntu/S32_SDK_S32K1xx_RTM_4.0.2/platform/drivers/src/edma/edma_driver.c:1589:6:EDMA_DRV_PushConfigToReg	32	static
/home/ubuntu/S32_SDK_S32K1xx_RTM_4.0.2/platform/drivers/src/edma/edma_driver.c:689:10:EDMA_DRV_ConfigLoopTransfer	8	static
/home/ubuntu/S32_SDK_S32K1xx_RTM_4.0.2/platform/drivers/src/edma/edma_driver.c:759:10:EDMA_DRV_ConfigScatterGatherTransfer	112	static
/home/ubuntu/S32_SDK_S32K1xx_RTM_4.0.2/platform/drivers/src/edma/edma_driver.c:1711:19:EDMA_DRV_GetChannelStatus	0	static
/home/ubuntu/S32_SDK_S32K1xx_RTM_4.0.2/platform/drivers/src/edma/edma_driver.c:1732:12:EDMA_DRV_GetDmaRegBaseAddr	0	static
