/home/ubuntu/S32_SDK_S32K1xx_RTM_4.0.2/platform/drivers/src/flexio/flexio_spi_driver.c:346:13:FLEXIO_SPI_DRV_MasterStopTransfer	24	static
/home/ubuntu/S32_SDK_S32K1xx_RTM_4.0.2/platform/drivers/src/flexio/flexio_spi_driver.c:672:13:FLEXIO_SPI_DRV_MasterCheckStatus	24	static
/home/ubuntu/S32_SDK_S32K1xx_RTM_4.0.2/platform/drivers/src/flexio/flexio_spi_driver.c:422:13:FLEXIO_SPI_DRV_MasterEndDmaTransfer	8	static
/home/ubuntu/S32_SDK_S32K1xx_RTM_4.0.2/platform/drivers/src/flexio/flexio_spi_driver.c:893:10:FLEXIO_SPI_DRV_MasterInit	48	static
/home/ubuntu/S32_SDK_S32K1xx_RTM_4.0.2/platform/drivers/src/flexio/flexio_spi_driver.c:982:10:FLEXIO_SPI_DRV_MasterDeinit	8	static
/home/ubuntu/S32_SDK_S32K1xx_RTM_4.0.2/platform/drivers/src/flexio/flexio_spi_driver.c:1009:10:FLEXIO_SPI_DRV_MasterSetBaudRate	24	static
/home/ubuntu/S32_SDK_S32K1xx_RTM_4.0.2/platform/drivers/src/flexio/flexio_spi_driver.c:1054:10:FLEXIO_SPI_DRV_MasterGetBaudRate	24	static
/home/ubuntu/S32_SDK_S32K1xx_RTM_4.0.2/platform/drivers/src/flexio/flexio_spi_driver.c:1095:10:FLEXIO_SPI_DRV_MasterTransfer	48	static
/home/ubuntu/S32_SDK_S32K1xx_RTM_4.0.2/platform/drivers/src/flexio/flexio_spi_driver.c:1160:10:FLEXIO_SPI_DRV_MasterTransferBlocking	24	static
/home/ubuntu/S32_SDK_S32K1xx_RTM_4.0.2/platform/drivers/src/flexio/flexio_spi_driver.c:1201:10:FLEXIO_SPI_DRV_MasterTransferAbort	8	static
/home/ubuntu/S32_SDK_S32K1xx_RTM_4.0.2/platform/drivers/src/flexio/flexio_spi_driver.c:1225:10:FLEXIO_SPI_DRV_MasterGetStatus	16	static
/home/ubuntu/S32_SDK_S32K1xx_RTM_4.0.2/platform/drivers/src/flexio/flexio_spi_driver.c:1273:10:FLEXIO_SPI_DRV_SlaveInit	48	static
/home/ubuntu/S32_SDK_S32K1xx_RTM_4.0.2/platform/drivers/src/flexio/flexio_spi_driver.c:1352:6:FLEXIO_SPI_DRV_MasterGetDefaultConfig	4	static
/home/ubuntu/S32_SDK_S32K1xx_RTM_4.0.2/platform/drivers/src/flexio/flexio_spi_driver.c:1380:6:FLEXIO_SPI_DRV_SlaveGetDefaultConfig	4	static
/home/ubuntu/S32_SDK_S32K1xx_RTM_4.0.2/platform/drivers/src/flexio/flexio_spi_driver.c:1411:10:FLEXIO_SPI_DRV_SlaveDeinit	8	static
/home/ubuntu/S32_SDK_S32K1xx_RTM_4.0.2/platform/drivers/src/flexio/flexio_spi_driver.c:1433:10:FLEXIO_SPI_DRV_SlaveTransfer	0	static
/home/ubuntu/S32_SDK_S32K1xx_RTM_4.0.2/platform/drivers/src/flexio/flexio_spi_driver.c:1458:10:FLEXIO_SPI_DRV_SlaveTransferBlocking	0	static
/home/ubuntu/S32_SDK_S32K1xx_RTM_4.0.2/platform/drivers/src/flexio/flexio_spi_driver.c:1477:10:FLEXIO_SPI_DRV_SlaveTransferAbort	8	static
/home/ubuntu/S32_SDK_S32K1xx_RTM_4.0.2/platform/drivers/src/flexio/flexio_spi_driver.c:1498:10:FLEXIO_SPI_DRV_SlaveGetStatus	16	static
