/home/ubuntu/S32_SDK_S32K1xx_RTM_4.0.2/platform/drivers/src/flexio/flexio_uart_driver.c:333:13:FLEXIO_UART_DRV_StopTransfer	24	static
/home/ubuntu/S32_SDK_S32K1xx_RTM_4.0.2/platform/drivers/src/flexio/flexio_uart_driver.c:581:13:FLEXIO_UART_DRV_CheckStatusRx	16	static
/home/ubuntu/S32_SDK_S32K1xx_RTM_4.0.2/platform/drivers/src/flexio/flexio_uart_driver.c:487:13:FLEXIO_UART_DRV_CheckStatusTx	16	static
/home/ubuntu/S32_SDK_S32K1xx_RTM_4.0.2/platform/drivers/src/flexio/flexio_uart_driver.c:670:13:FLEXIO_UART_DRV_EndDmaTxTransfer	24	static
/home/ubuntu/S32_SDK_S32K1xx_RTM_4.0.2/platform/drivers/src/flexio/flexio_uart_driver.c:737:13:FLEXIO_UART_DRV_EndDmaRxTransfer	24	static
/home/ubuntu/S32_SDK_S32K1xx_RTM_4.0.2/platform/drivers/src/flexio/flexio_uart_driver.c:308:13:FLEXIO_UART_DRV_EnableTransfer.isra	0	static
/home/ubuntu/S32_SDK_S32K1xx_RTM_4.0.2/platform/drivers/src/flexio/flexio_uart_driver.c:367:17:FLEXIO_UART_DRV_WaitTransferEnd	16	static
/home/ubuntu/S32_SDK_S32K1xx_RTM_4.0.2/platform/drivers/src/flexio/flexio_uart_driver.c:959:10:FLEXIO_UART_DRV_Init	40	static
/home/ubuntu/S32_SDK_S32K1xx_RTM_4.0.2/platform/drivers/src/flexio/flexio_uart_driver.c:1065:10:FLEXIO_UART_DRV_Deinit	8	static
/home/ubuntu/S32_SDK_S32K1xx_RTM_4.0.2/platform/drivers/src/flexio/flexio_uart_driver.c:1092:10:FLEXIO_UART_DRV_SetConfig	32	static
/home/ubuntu/S32_SDK_S32K1xx_RTM_4.0.2/platform/drivers/src/flexio/flexio_uart_driver.c:1142:10:FLEXIO_UART_DRV_GetBaudRate	24	static
/home/ubuntu/S32_SDK_S32K1xx_RTM_4.0.2/platform/drivers/src/flexio/flexio_uart_driver.c:1182:10:FLEXIO_UART_DRV_SendData	40	static
/home/ubuntu/S32_SDK_S32K1xx_RTM_4.0.2/platform/drivers/src/flexio/flexio_uart_driver.c:1245:10:FLEXIO_UART_DRV_SendDataBlocking	24	static
/home/ubuntu/S32_SDK_S32K1xx_RTM_4.0.2/platform/drivers/src/flexio/flexio_uart_driver.c:1278:10:FLEXIO_UART_DRV_ReceiveData	40	static
/home/ubuntu/S32_SDK_S32K1xx_RTM_4.0.2/platform/drivers/src/flexio/flexio_uart_driver.c:1339:10:FLEXIO_UART_DRV_ReceiveDataBlocking	24	static
/home/ubuntu/S32_SDK_S32K1xx_RTM_4.0.2/platform/drivers/src/flexio/flexio_uart_driver.c:1372:10:FLEXIO_UART_DRV_TransferAbort	8	static
/home/ubuntu/S32_SDK_S32K1xx_RTM_4.0.2/platform/drivers/src/flexio/flexio_uart_driver.c:1396:10:FLEXIO_UART_DRV_GetStatus	16	static
/home/ubuntu/S32_SDK_S32K1xx_RTM_4.0.2/platform/drivers/src/flexio/flexio_uart_driver.c:1449:10:FLEXIO_UART_DRV_SetRxBuffer	0	static
/home/ubuntu/S32_SDK_S32K1xx_RTM_4.0.2/platform/drivers/src/flexio/flexio_uart_driver.c:1471:10:FLEXIO_UART_DRV_SetTxBuffer	0	static
/home/ubuntu/S32_SDK_S32K1xx_RTM_4.0.2/platform/drivers/src/flexio/flexio_uart_driver.c:1495:6:FLEXIO_UART_DRV_GetDefaultConfig	4	static
