/home/ubuntu/S32_SDK_S32K1xx_RTM_4.0.2/platform/drivers/src/flexio/flexio_i2c_driver.c:501:13:FLEXIO_I2C_DRV_MasterStopTransfer	24	static
/home/ubuntu/S32_SDK_S32K1xx_RTM_4.0.2/platform/drivers/src/flexio/flexio_i2c_driver.c:1020:13:FLEXIO_I2C_DRV_MasterEndDmaTransfer	16	static
/home/ubuntu/S32_SDK_S32K1xx_RTM_4.0.2/platform/drivers/src/flexio/flexio_i2c_driver.c:633:13:FLEXIO_I2C_DRV_MasterCheckStatus	24	static
/home/ubuntu/S32_SDK_S32K1xx_RTM_4.0.2/platform/drivers/src/flexio/flexio_i2c_driver.c:1106:17:FLEXIO_I2C_DRV_MasterStartTransfer	224	static
/home/ubuntu/S32_SDK_S32K1xx_RTM_4.0.2/platform/drivers/src/flexio/flexio_i2c_driver.c:542:17:FLEXIO_I2C_DRV_MasterWaitTransferEnd	16	static
/home/ubuntu/S32_SDK_S32K1xx_RTM_4.0.2/platform/drivers/src/flexio/flexio_i2c_driver.c:1195:10:FLEXIO_I2C_DRV_MasterInit	56	static
/home/ubuntu/S32_SDK_S32K1xx_RTM_4.0.2/platform/drivers/src/flexio/flexio_i2c_driver.c:1286:10:FLEXIO_I2C_DRV_MasterDeinit	8	static
/home/ubuntu/S32_SDK_S32K1xx_RTM_4.0.2/platform/drivers/src/flexio/flexio_i2c_driver.c:1312:10:FLEXIO_I2C_DRV_MasterSetBaudRate	24	static
/home/ubuntu/S32_SDK_S32K1xx_RTM_4.0.2/platform/drivers/src/flexio/flexio_i2c_driver.c:1356:10:FLEXIO_I2C_DRV_MasterGetBaudRate	24	static
/home/ubuntu/S32_SDK_S32K1xx_RTM_4.0.2/platform/drivers/src/flexio/flexio_i2c_driver.c:1395:10:FLEXIO_I2C_DRV_MasterSetSlaveAddr	0	static
/home/ubuntu/S32_SDK_S32K1xx_RTM_4.0.2/platform/drivers/src/flexio/flexio_i2c_driver.c:1417:10:FLEXIO_I2C_DRV_MasterSendData	4	static
/home/ubuntu/S32_SDK_S32K1xx_RTM_4.0.2/platform/drivers/src/flexio/flexio_i2c_driver.c:1446:10:FLEXIO_I2C_DRV_MasterSendDataBlocking	24	static
/home/ubuntu/S32_SDK_S32K1xx_RTM_4.0.2/platform/drivers/src/flexio/flexio_i2c_driver.c:1494:10:FLEXIO_I2C_DRV_MasterReceiveData	4	static
/home/ubuntu/S32_SDK_S32K1xx_RTM_4.0.2/platform/drivers/src/flexio/flexio_i2c_driver.c:1523:10:FLEXIO_I2C_DRV_MasterReceiveDataBlocking	24	static
/home/ubuntu/S32_SDK_S32K1xx_RTM_4.0.2/platform/drivers/src/flexio/flexio_i2c_driver.c:1571:10:FLEXIO_I2C_DRV_MasterTransferAbort	8	static
/home/ubuntu/S32_SDK_S32K1xx_RTM_4.0.2/platform/drivers/src/flexio/flexio_i2c_driver.c:1603:10:FLEXIO_I2C_DRV_MasterGetStatus	16	static
/home/ubuntu/S32_SDK_S32K1xx_RTM_4.0.2/platform/drivers/src/flexio/flexio_i2c_driver.c:1658:6:FLEXIO_I2C_DRV_GetDefaultConfig	0	static
/home/ubuntu/S32_SDK_S32K1xx_RTM_4.0.2/platform/drivers/src/flexio/flexio_i2c_driver.c:1681:10:FLEXIO_I2C_DRV_GenerateNineClock	4	static
/home/ubuntu/S32_SDK_S32K1xx_RTM_4.0.2/platform/drivers/src/flexio/flexio_i2c_driver.c:1730:10:FLEXIO_I2C_DRV_StatusGenerateNineClock	0	static
/home/ubuntu/S32_SDK_S32K1xx_RTM_4.0.2/platform/drivers/src/flexio/flexio_i2c_driver.c:1766:6:FLEXIO_I2C_DRV_GetBusStatus	0	static
