/home/ubuntu/S32_SDK_S32K1xx_RTM_4.0.2/platform/drivers/src/flexio/flexio_i2s_driver.c:467:13:FLEXIO_I2S_DRV_MasterStopTransfer	24	static
/home/ubuntu/S32_SDK_S32K1xx_RTM_4.0.2/platform/drivers/src/flexio/flexio_i2s_driver.c:638:13:FLEXIO_I2S_DRV_MasterCheckStatus	24	static
/home/ubuntu/S32_SDK_S32K1xx_RTM_4.0.2/platform/drivers/src/flexio/flexio_i2s_driver.c:902:13:FLEXIO_I2S_DRV_MasterStartDmaTransfer	48	static
/home/ubuntu/S32_SDK_S32K1xx_RTM_4.0.2/platform/drivers/src/flexio/flexio_i2s_driver.c:790:13:FLEXIO_I2S_DRV_MasterEndDmaRxTransfer	16	static
/home/ubuntu/S32_SDK_S32K1xx_RTM_4.0.2/platform/drivers/src/flexio/flexio_i2s_driver.c:734:13:FLEXIO_I2S_DRV_MasterEndDmaTxTransfer	16	static
/home/ubuntu/S32_SDK_S32K1xx_RTM_4.0.2/platform/drivers/src/flexio/flexio_i2s_driver.c:437:13:FLEXIO_I2S_DRV_MasterEnableTransfer.isra	4	static
/home/ubuntu/S32_SDK_S32K1xx_RTM_4.0.2/platform/drivers/src/flexio/flexio_i2s_driver.c:504:17:FLEXIO_I2S_DRV_MasterWaitTransferEnd	16	static
/home/ubuntu/S32_SDK_S32K1xx_RTM_4.0.2/platform/drivers/src/flexio/flexio_i2s_driver.c:991:10:FLEXIO_I2S_DRV_MasterInit	48	static
/home/ubuntu/S32_SDK_S32K1xx_RTM_4.0.2/platform/drivers/src/flexio/flexio_i2s_driver.c:1082:10:FLEXIO_I2S_DRV_MasterDeinit	8	static
/home/ubuntu/S32_SDK_S32K1xx_RTM_4.0.2/platform/drivers/src/flexio/flexio_i2s_driver.c:1108:10:FLEXIO_I2S_DRV_MasterSetConfig	32	static
/home/ubuntu/S32_SDK_S32K1xx_RTM_4.0.2/platform/drivers/src/flexio/flexio_i2s_driver.c:1161:10:FLEXIO_I2S_DRV_MasterGetBaudRate	24	static
/home/ubuntu/S32_SDK_S32K1xx_RTM_4.0.2/platform/drivers/src/flexio/flexio_i2s_driver.c:1201:10:FLEXIO_I2S_DRV_MasterSendData	24	static
/home/ubuntu/S32_SDK_S32K1xx_RTM_4.0.2/platform/drivers/src/flexio/flexio_i2s_driver.c:1269:10:FLEXIO_I2S_DRV_MasterSendDataBlocking	24	static
/home/ubuntu/S32_SDK_S32K1xx_RTM_4.0.2/platform/drivers/src/flexio/flexio_i2s_driver.c:1302:10:FLEXIO_I2S_DRV_MasterReceiveData	16	static
/home/ubuntu/S32_SDK_S32K1xx_RTM_4.0.2/platform/drivers/src/flexio/flexio_i2s_driver.c:1372:10:FLEXIO_I2S_DRV_MasterReceiveDataBlocking	24	static
/home/ubuntu/S32_SDK_S32K1xx_RTM_4.0.2/platform/drivers/src/flexio/flexio_i2s_driver.c:1405:10:FLEXIO_I2S_DRV_MasterTransferAbort	8	static
/home/ubuntu/S32_SDK_S32K1xx_RTM_4.0.2/platform/drivers/src/flexio/flexio_i2s_driver.c:1429:10:FLEXIO_I2S_DRV_MasterGetStatus	16	static
/home/ubuntu/S32_SDK_S32K1xx_RTM_4.0.2/platform/drivers/src/flexio/flexio_i2s_driver.c:1484:10:FLEXIO_I2S_DRV_MasterSetRxBuffer	0	static
/home/ubuntu/S32_SDK_S32K1xx_RTM_4.0.2/platform/drivers/src/flexio/flexio_i2s_driver.c:1506:10:FLEXIO_I2S_DRV_MasterSetTxBuffer	0	static
/home/ubuntu/S32_SDK_S32K1xx_RTM_4.0.2/platform/drivers/src/flexio/flexio_i2s_driver.c:1530:10:FLEXIO_I2S_DRV_SlaveInit	64	static
/home/ubuntu/S32_SDK_S32K1xx_RTM_4.0.2/platform/drivers/src/flexio/flexio_i2s_driver.c:1612:10:FLEXIO_I2S_DRV_SlaveSetConfig	8	static
/home/ubuntu/S32_SDK_S32K1xx_RTM_4.0.2/platform/drivers/src/flexio/flexio_i2s_driver.c:1655:6:FLEXIO_I2S_DRV_MasterGetDefaultConfig	4	static
/home/ubuntu/S32_SDK_S32K1xx_RTM_4.0.2/platform/drivers/src/flexio/flexio_i2s_driver.c:1680:6:FLEXIO_I2S_DRV_SlaveGetDefaultConfig	4	static
/home/ubuntu/S32_SDK_S32K1xx_RTM_4.0.2/platform/drivers/src/flexio/flexio_i2s_driver.c:1708:10:FLEXIO_I2S_DRV_SlaveDeinit	8	static
/home/ubuntu/S32_SDK_S32K1xx_RTM_4.0.2/platform/drivers/src/flexio/flexio_i2s_driver.c:1729:10:FLEXIO_I2S_DRV_SlaveSendData	0	static
/home/ubuntu/S32_SDK_S32K1xx_RTM_4.0.2/platform/drivers/src/flexio/flexio_i2s_driver.c:1751:10:FLEXIO_I2S_DRV_SlaveSendDataBlocking	24	static
/home/ubuntu/S32_SDK_S32K1xx_RTM_4.0.2/platform/drivers/src/flexio/flexio_i2s_driver.c:1775:10:FLEXIO_I2S_DRV_SlaveReceiveData	16	static
/home/ubuntu/S32_SDK_S32K1xx_RTM_4.0.2/platform/drivers/src/flexio/flexio_i2s_driver.c:1795:10:FLEXIO_I2S_DRV_SlaveReceiveDataBlocking	24	static
/home/ubuntu/S32_SDK_S32K1xx_RTM_4.0.2/platform/drivers/src/flexio/flexio_i2s_driver.c:1813:10:FLEXIO_I2S_DRV_SlaveTransferAbort	8	static
/home/ubuntu/S32_SDK_S32K1xx_RTM_4.0.2/platform/drivers/src/flexio/flexio_i2s_driver.c:1834:10:FLEXIO_I2S_DRV_SlaveGetStatus	16	static
/home/ubuntu/S32_SDK_S32K1xx_RTM_4.0.2/platform/drivers/src/flexio/flexio_i2s_driver.c:1853:10:FLEXIO_I2S_DRV_SlaveSetRxBuffer	0	static
/home/ubuntu/S32_SDK_S32K1xx_RTM_4.0.2/platform/drivers/src/flexio/flexio_i2s_driver.c:1874:10:FLEXIO_I2S_DRV_SlaveSetTxBuffer	0	static
