/home/ubuntu/S32_SDK_S32K1xx_RTM_4.0.2/platform/drivers/src/ftm/ftm_ic_driver.c:814:13:FTM_DRV_InputCaptureHandler	12	static
/home/ubuntu/S32_SDK_S32K1xx_RTM_4.0.2/platform/drivers/src/ftm/ftm_ic_driver.c:215:10:FTM_DRV_InitInputCapture	48	static
/home/ubuntu/S32_SDK_S32K1xx_RTM_4.0.2/platform/drivers/src/ftm/ftm_ic_driver.c:333:10:FTM_DRV_DeinitInputCapture	40	static
/home/ubuntu/S32_SDK_S32K1xx_RTM_4.0.2/platform/drivers/src/ftm/ftm_ic_driver.c:403:10:FTM_DRV_GetInputCaptureMeasurement	0	static
/home/ubuntu/S32_SDK_S32K1xx_RTM_4.0.2/platform/drivers/src/ftm/ftm_ic_driver.c:427:10:FTM_DRV_StartNewSignalMeasurement	4	static
/home/ubuntu/S32_SDK_S32K1xx_RTM_4.0.2/platform/drivers/src/ftm/ftm_ic_driver.c:466:10:FTM_IC_DRV_SetChannelMode	12	static
/home/ubuntu/S32_SDK_S32K1xx_RTM_4.0.2/platform/drivers/src/ftm/ftm_ic_driver.c:600:6:FTM0_Ch0_Ch1_IRQHandler	0	static
/home/ubuntu/S32_SDK_S32K1xx_RTM_4.0.2/platform/drivers/src/ftm/ftm_ic_driver.c:606:6:FTM0_Ch2_Ch3_IRQHandler	0	static
/home/ubuntu/S32_SDK_S32K1xx_RTM_4.0.2/platform/drivers/src/ftm/ftm_ic_driver.c:612:6:FTM0_Ch4_Ch5_IRQHandler	0	static
/home/ubuntu/S32_SDK_S32K1xx_RTM_4.0.2/platform/drivers/src/ftm/ftm_ic_driver.c:618:6:FTM0_Ch6_Ch7_IRQHandler	0	static
/home/ubuntu/S32_SDK_S32K1xx_RTM_4.0.2/platform/drivers/src/ftm/ftm_ic_driver.c:624:6:FTM1_Ch0_Ch1_IRQHandler	0	static
/home/ubuntu/S32_SDK_S32K1xx_RTM_4.0.2/platform/drivers/src/ftm/ftm_ic_driver.c:630:6:FTM1_Ch2_Ch3_IRQHandler	0	static
/home/ubuntu/S32_SDK_S32K1xx_RTM_4.0.2/platform/drivers/src/ftm/ftm_ic_driver.c:636:6:FTM1_Ch4_Ch5_IRQHandler	0	static
/home/ubuntu/S32_SDK_S32K1xx_RTM_4.0.2/platform/drivers/src/ftm/ftm_ic_driver.c:642:6:FTM1_Ch6_Ch7_IRQHandler	0	static
/home/ubuntu/S32_SDK_S32K1xx_RTM_4.0.2/platform/drivers/src/ftm/ftm_ic_driver.c:649:6:FTM2_Ch0_Ch1_IRQHandler	0	static
/home/ubuntu/S32_SDK_S32K1xx_RTM_4.0.2/platform/drivers/src/ftm/ftm_ic_driver.c:655:6:FTM2_Ch2_Ch3_IRQHandler	0	static
/home/ubuntu/S32_SDK_S32K1xx_RTM_4.0.2/platform/drivers/src/ftm/ftm_ic_driver.c:661:6:FTM2_Ch4_Ch5_IRQHandler	0	static
/home/ubuntu/S32_SDK_S32K1xx_RTM_4.0.2/platform/drivers/src/ftm/ftm_ic_driver.c:667:6:FTM2_Ch6_Ch7_IRQHandler	0	static
/home/ubuntu/S32_SDK_S32K1xx_RTM_4.0.2/platform/drivers/src/ftm/ftm_ic_driver.c:673:6:FTM3_Ch0_Ch1_IRQHandler	0	static
/home/ubuntu/S32_SDK_S32K1xx_RTM_4.0.2/platform/drivers/src/ftm/ftm_ic_driver.c:679:6:FTM3_Ch2_Ch3_IRQHandler	0	static
/home/ubuntu/S32_SDK_S32K1xx_RTM_4.0.2/platform/drivers/src/ftm/ftm_ic_driver.c:685:6:FTM3_Ch4_Ch5_IRQHandler	0	static
/home/ubuntu/S32_SDK_S32K1xx_RTM_4.0.2/platform/drivers/src/ftm/ftm_ic_driver.c:691:6:FTM3_Ch6_Ch7_IRQHandler	0	static
