/home/ubuntu/S32_SDK_S32K1xx_RTM_4.0.2/platform/drivers/src/ftm/ftm_common.c:196:10:FTM_DRV_Deinit	8	static
/home/ubuntu/S32_SDK_S32K1xx_RTM_4.0.2/platform/drivers/src/ftm/ftm_common.c:216:6:FTM_DRV_GetDefaultConfig	0	static
/home/ubuntu/S32_SDK_S32K1xx_RTM_4.0.2/platform/drivers/src/ftm/ftm_common.c:249:10:FTM_DRV_MaskOutputChannels	0	static
/home/ubuntu/S32_SDK_S32K1xx_RTM_4.0.2/platform/drivers/src/ftm/ftm_common.c:270:10:FTM_DRV_SetInitialCounterValue	4	static
/home/ubuntu/S32_SDK_S32K1xx_RTM_4.0.2/platform/drivers/src/ftm/ftm_common.c:291:10:FTM_DRV_SetHalfCycleReloadPoint	0	static
/home/ubuntu/S32_SDK_S32K1xx_RTM_4.0.2/platform/drivers/src/ftm/ftm_common.c:314:10:FTM_DRV_SetSoftOutChnValue	4	static
/home/ubuntu/S32_SDK_S32K1xx_RTM_4.0.2/platform/drivers/src/ftm/ftm_common.c:334:10:FTM_DRV_SetSoftwareOutputChannelControl	8	static
/home/ubuntu/S32_SDK_S32K1xx_RTM_4.0.2/platform/drivers/src/ftm/ftm_common.c:357:10:FTM_DRV_SetAllChnSoftwareOutputControl	4	static
/home/ubuntu/S32_SDK_S32K1xx_RTM_4.0.2/platform/drivers/src/ftm/ftm_common.c:383:10:FTM_DRV_SetInvertingControl	0	static
/home/ubuntu/S32_SDK_S32K1xx_RTM_4.0.2/platform/drivers/src/ftm/ftm_common.c:403:10:FTM_DRV_SetModuloCounterValue	4	static
/home/ubuntu/S32_SDK_S32K1xx_RTM_4.0.2/platform/drivers/src/ftm/ftm_common.c:424:10:FTM_DRV_SetOutputlevel	0	static
/home/ubuntu/S32_SDK_S32K1xx_RTM_4.0.2/platform/drivers/src/ftm/ftm_common.c:448:10:FTM_DRV_SetSync	4	static
/home/ubuntu/S32_SDK_S32K1xx_RTM_4.0.2/platform/drivers/src/ftm/ftm_common.c:524:10:FTM_DRV_GenerateHardwareTrigger	0	static
/home/ubuntu/S32_SDK_S32K1xx_RTM_4.0.2/platform/drivers/src/ftm/ftm_common.c:543:10:FTM_DRV_EnableInterrupts	24	static
/home/ubuntu/S32_SDK_S32K1xx_RTM_4.0.2/platform/drivers/src/ftm/ftm_common.c:594:6:FTM_DRV_DisableInterrupts	24	static
/home/ubuntu/S32_SDK_S32K1xx_RTM_4.0.2/platform/drivers/src/ftm/ftm_common.c:643:10:FTM_DRV_GetEnabledInterrupts	4	static
/home/ubuntu/S32_SDK_S32K1xx_RTM_4.0.2/platform/drivers/src/ftm/ftm_common.c:689:10:FTM_DRV_GetStatusFlags	8	static
/home/ubuntu/S32_SDK_S32K1xx_RTM_4.0.2/platform/drivers/src/ftm/ftm_common.c:739:6:FTM_DRV_ClearStatusFlags	4	static
/home/ubuntu/S32_SDK_S32K1xx_RTM_4.0.2/platform/drivers/src/ftm/ftm_common.c:791:10:FTM_DRV_GetFrequency	24	static
/home/ubuntu/S32_SDK_S32K1xx_RTM_4.0.2/platform/drivers/src/ftm/ftm_common.c:114:10:FTM_DRV_Init	24	static
/home/ubuntu/S32_SDK_S32K1xx_RTM_4.0.2/platform/drivers/src/ftm/ftm_common.c:835:10:FTM_DRV_ConvertFreqToPeriodTicks	0	static
/home/ubuntu/S32_SDK_S32K1xx_RTM_4.0.2/platform/drivers/src/ftm/ftm_common.c:857:10:FTM_DRV_CounterReset	4	static
