/home/ubuntu/S32_SDK_S32K1xx_RTM_4.0.2/platform/drivers/src/clock/S32K1xx/clock_S32K1xx.c:2389:17:CLOCK_SYS_ConfigureFIRC	16	static
/home/ubuntu/S32_SDK_S32K1xx_RTM_4.0.2/platform/drivers/src/clock/S32K1xx/clock_S32K1xx.c:2461:17:CLOCK_SYS_ConfigureSOSC	24	static
/home/ubuntu/S32_SDK_S32K1xx_RTM_4.0.2/platform/drivers/src/clock/S32K1xx/clock_S32K1xx.c:3326:13:CLOCK_SYS_GetCurrentSysClkConfig	0	static
/home/ubuntu/S32_SDK_S32K1xx_RTM_4.0.2/platform/drivers/src/clock/S32K1xx/clock_S32K1xx.c:3192:17:CLOCK_SYS_GetSysPllFreq	0	static
/home/ubuntu/S32_SDK_S32K1xx_RTM_4.0.2/platform/drivers/src/clock/S32K1xx/clock_S32K1xx.c:3238:17:CLOCK_SYS_GetLpoFreq	0	static
/home/ubuntu/S32_SDK_S32K1xx_RTM_4.0.2/platform/drivers/src/clock/S32K1xx/clock_S32K1xx.c:2316:17:CLOCK_SYS_ConfigureSIRC	16	static
/home/ubuntu/S32_SDK_S32K1xx_RTM_4.0.2/platform/drivers/src/clock/S32K1xx/clock_S32K1xx.c:2563:17:CLOCK_SYS_ConfigureSPLL	24	static
/home/ubuntu/S32_SDK_S32K1xx_RTM_4.0.2/platform/drivers/src/clock/S32K1xx/clock_S32K1xx.c:2852:17:CLOCK_SYS_GetSystemClockFreq	8	static
/home/ubuntu/S32_SDK_S32K1xx_RTM_4.0.2/platform/drivers/src/clock/S32K1xx/clock_S32K1xx.c:2248:17:CLOCK_SYS_GetScgClkOutFreq	0	static
/home/ubuntu/S32_SDK_S32K1xx_RTM_4.0.2/platform/drivers/src/clock/S32K1xx/clock_S32K1xx.c:2937:17:CLOCK_SYS_SetSystemClockConfig	24	static
/home/ubuntu/S32_SDK_S32K1xx_RTM_4.0.2/platform/drivers/src/clock/S32K1xx/clock_S32K1xx.c:2129:17:CLOCK_SYS_TransitionSystemClock	8	static
/home/ubuntu/S32_SDK_S32K1xx_RTM_4.0.2/platform/drivers/src/clock/S32K1xx/clock_S32K1xx.c:3269:17:CLOCK_SYS_TransitionToTmpSysClk	24	static
/home/ubuntu/S32_SDK_S32K1xx_RTM_4.0.2/platform/drivers/src/clock/S32K1xx/clock_S32K1xx.c:2284:17:CLOCK_SYS_GetSimRtcClkFreq	0	static
/home/ubuntu/S32_SDK_S32K1xx_RTM_4.0.2/platform/drivers/src/clock/S32K1xx/clock_S32K1xx.c:2172:17:CLOCK_SYS_GetSimClkOutFreq.part.0	8	static
/home/ubuntu/S32_SDK_S32K1xx_RTM_4.0.2/platform/drivers/src/clock/S32K1xx/clock_S32K1xx.c:1533:17:CLOCK_SYS_GetSimClockFreq	16	static
/home/ubuntu/S32_SDK_S32K1xx_RTM_4.0.2/platform/drivers/src/clock/S32K1xx/clock_S32K1xx.c:1365:17:CLOCK_SYS_GetScgClockFreq	8	static
/home/ubuntu/S32_SDK_S32K1xx_RTM_4.0.2/platform/drivers/src/clock/S32K1xx/clock_S32K1xx.c:2042:17:CLOCK_SYS_GetPeripheralClock	16	static
/home/ubuntu/S32_SDK_S32K1xx_RTM_4.0.2/platform/drivers/src/clock/S32K1xx/clock_S32K1xx.c:1811:17:CLOCK_SYS_GetPccClockFreq	16	static
/home/ubuntu/S32_SDK_S32K1xx_RTM_4.0.2/platform/drivers/src/clock/S32K1xx/clock_S32K1xx.c:603:10:CLOCK_DRV_Init	168	static
/home/ubuntu/S32_SDK_S32K1xx_RTM_4.0.2/platform/drivers/src/clock/S32K1xx/clock_S32K1xx.c:1902:10:CLOCK_DRV_GetFreq	0	static
/home/ubuntu/S32_SDK_S32K1xx_RTM_4.0.2/platform/drivers/src/clock/S32K1xx/clock_S32K1xx.c:3490:6:CLOCK_DRV_SetModuleClock	24	static
/home/ubuntu/S32_SDK_S32K1xx_RTM_4.0.2/platform/drivers/src/clock/S32K1xx/clock_S32K1xx.c:3644:10:CLOCK_DRV_SetSystemClock	24	static
/home/ubuntu/S32_SDK_S32K1xx_RTM_4.0.2/platform/drivers/src/clock/S32K1xx/clock_S32K1xx.c:3713:6:CLOCK_DRV_GetSystemClockSource	0	static
/home/ubuntu/S32_SDK_S32K1xx_RTM_4.0.2/platform/drivers/src/clock/S32K1xx/clock_S32K1xx.c:4065:10:CLOCK_DRV_SetClockSource	56	static
/home/ubuntu/S32_SDK_S32K1xx_RTM_4.0.2/platform/drivers/src/clock/S32K1xx/clock_S32K1xx.c:4140:10:CLOCK_SYS_Init	4	static
/home/ubuntu/S32_SDK_S32K1xx_RTM_4.0.2/platform/drivers/src/clock/S32K1xx/clock_S32K1xx.c:4173:10:CLOCK_SYS_UpdateConfiguration	32	static
/home/ubuntu/S32_SDK_S32K1xx_RTM_4.0.2/platform/drivers/src/clock/S32K1xx/clock_S32K1xx.c:4292:9:CLOCK_SYS_GetCurrentConfiguration	0	static
/home/ubuntu/S32_SDK_S32K1xx_RTM_4.0.2/platform/drivers/src/clock/S32K1xx/clock_S32K1xx.c:4304:39:CLOCK_SYS_GetErrorCallback	0	static
/home/ubuntu/S32_SDK_S32K1xx_RTM_4.0.2/platform/drivers/src/clock/S32K1xx/clock_S32K1xx.c:4327:10:CLOCK_SYS_GetFreq	0	static
/home/ubuntu/S32_SDK_S32K1xx_RTM_4.0.2/platform/drivers/src/clock/S32K1xx/clock_S32K1xx.c:4339:10:CLOCK_SYS_SetConfiguration	0	static
