/home/ubuntu/S32_SDK_S32K1xx_RTM_4.0.2/platform/drivers/src/cmp/cmp_driver.c:66:10:CMP_DRV_Reset	0	static
/home/ubuntu/S32_SDK_S32K1xx_RTM_4.0.2/platform/drivers/src/cmp/cmp_driver.c:85:10:CMP_DRV_GetInitConfigAll	0	static
/home/ubuntu/S32_SDK_S32K1xx_RTM_4.0.2/platform/drivers/src/cmp/cmp_driver.c:137:10:CMP_DRV_GetDefaultConfig	0	static
/home/ubuntu/S32_SDK_S32K1xx_RTM_4.0.2/platform/drivers/src/cmp/cmp_driver.c:188:10:CMP_DRV_Init	16	static
/home/ubuntu/S32_SDK_S32K1xx_RTM_4.0.2/platform/drivers/src/cmp/cmp_driver.c:242:10:CMP_DRV_GetConfigAll	16	static
/home/ubuntu/S32_SDK_S32K1xx_RTM_4.0.2/platform/drivers/src/cmp/cmp_driver.c:295:10:CMP_DRV_GetInitConfigDAC	0	static
/home/ubuntu/S32_SDK_S32K1xx_RTM_4.0.2/platform/drivers/src/cmp/cmp_driver.c:316:10:CMP_DRV_ConfigDAC	0	static
/home/ubuntu/S32_SDK_S32K1xx_RTM_4.0.2/platform/drivers/src/cmp/cmp_driver.c:340:10:CMP_DRV_GetDACConfig	0	static
/home/ubuntu/S32_SDK_S32K1xx_RTM_4.0.2/platform/drivers/src/cmp/cmp_driver.c:362:10:CMP_DRV_GetInitConfigMUX	0	static
/home/ubuntu/S32_SDK_S32K1xx_RTM_4.0.2/platform/drivers/src/cmp/cmp_driver.c:381:10:CMP_DRV_ConfigMUX	0	static
/home/ubuntu/S32_SDK_S32K1xx_RTM_4.0.2/platform/drivers/src/cmp/cmp_driver.c:402:10:CMP_DRV_GetMUXConfig	0	static
/home/ubuntu/S32_SDK_S32K1xx_RTM_4.0.2/platform/drivers/src/cmp/cmp_driver.c:422:10:CMP_DRV_GetInitTriggerMode	0	static
/home/ubuntu/S32_SDK_S32K1xx_RTM_4.0.2/platform/drivers/src/cmp/cmp_driver.c:445:10:CMP_DRV_ConfigTriggerMode	0	static
/home/ubuntu/S32_SDK_S32K1xx_RTM_4.0.2/platform/drivers/src/cmp/cmp_driver.c:472:10:CMP_DRV_GetTriggerModeConfig	4	static
/home/ubuntu/S32_SDK_S32K1xx_RTM_4.0.2/platform/drivers/src/cmp/cmp_driver.c:499:10:CMP_DRV_GetOutputFlags	0	static
/home/ubuntu/S32_SDK_S32K1xx_RTM_4.0.2/platform/drivers/src/cmp/cmp_driver.c:517:10:CMP_DRV_ClearOutputFlags	0	static
/home/ubuntu/S32_SDK_S32K1xx_RTM_4.0.2/platform/drivers/src/cmp/cmp_driver.c:544:10:CMP_DRV_GetInputFlags	0	static
/home/ubuntu/S32_SDK_S32K1xx_RTM_4.0.2/platform/drivers/src/cmp/cmp_driver.c:562:10:CMP_DRV_ClearInputFlags	0	static
/home/ubuntu/S32_SDK_S32K1xx_RTM_4.0.2/platform/drivers/src/cmp/cmp_driver.c:584:10:CMP_DRV_GetInitConfigComparator	0	static
/home/ubuntu/S32_SDK_S32K1xx_RTM_4.0.2/platform/drivers/src/cmp/cmp_driver.c:611:10:CMP_DRV_ConfigComparator	16	static
/home/ubuntu/S32_SDK_S32K1xx_RTM_4.0.2/platform/drivers/src/cmp/cmp_driver.c:641:10:CMP_DRV_GetComparatorConfig	16	static
