/home/ubuntu/S32_SDK_S32K1xx_RTM_4.0.2/platform/drivers/src/pins/pins_driver.c:50:10:PINS_DRV_Init	16	static
/home/ubuntu/S32_SDK_S32K1xx_RTM_4.0.2/platform/drivers/src/pins/pins_driver.c:71:6:PINS_DRV_SetPullSel	0	static
/home/ubuntu/S32_SDK_S32K1xx_RTM_4.0.2/platform/drivers/src/pins/pins_driver.c:87:6:PINS_DRV_SetMuxModeSel	0	static
/home/ubuntu/S32_SDK_S32K1xx_RTM_4.0.2/platform/drivers/src/pins/pins_driver.c:101:6:PINS_DRV_SetPinIntSel	0	static
/home/ubuntu/S32_SDK_S32K1xx_RTM_4.0.2/platform/drivers/src/pins/pins_driver.c:115:25:PINS_DRV_GetPinIntSel	0	static
/home/ubuntu/S32_SDK_S32K1xx_RTM_4.0.2/platform/drivers/src/pins/pins_driver.c:128:6:PINS_DRV_ClearPinIntFlagCmd	0	static
/home/ubuntu/S32_SDK_S32K1xx_RTM_4.0.2/platform/drivers/src/pins/pins_driver.c:141:6:PINS_DRV_EnableDigitalFilter	0	static
/home/ubuntu/S32_SDK_S32K1xx_RTM_4.0.2/platform/drivers/src/pins/pins_driver.c:155:6:PINS_DRV_DisableDigitalFilter	0	static
/home/ubuntu/S32_SDK_S32K1xx_RTM_4.0.2/platform/drivers/src/pins/pins_driver.c:169:6:PINS_DRV_ConfigDigitalFilter	0	static
/home/ubuntu/S32_SDK_S32K1xx_RTM_4.0.2/platform/drivers/src/pins/pins_driver.c:182:10:PINS_DRV_GetPortIntFlag	0	static
/home/ubuntu/S32_SDK_S32K1xx_RTM_4.0.2/platform/drivers/src/pins/pins_driver.c:194:6:PINS_DRV_ClearPortIntFlagCmd	0	static
/home/ubuntu/S32_SDK_S32K1xx_RTM_4.0.2/platform/drivers/src/pins/pins_driver.c:208:21:PINS_DRV_GetPinsDirection	0	static
/home/ubuntu/S32_SDK_S32K1xx_RTM_4.0.2/platform/drivers/src/pins/pins_driver.c:222:6:PINS_DRV_SetPinDirection	0	static
/home/ubuntu/S32_SDK_S32K1xx_RTM_4.0.2/platform/drivers/src/pins/pins_driver.c:239:6:PINS_DRV_SetPinsDirection	0	static
/home/ubuntu/S32_SDK_S32K1xx_RTM_4.0.2/platform/drivers/src/pins/pins_driver.c:256:6:PINS_DRV_SetPortInputDisable	0	static
/home/ubuntu/S32_SDK_S32K1xx_RTM_4.0.2/platform/drivers/src/pins/pins_driver.c:271:21:PINS_DRV_GetPortInputDisable	0	static
/home/ubuntu/S32_SDK_S32K1xx_RTM_4.0.2/platform/drivers/src/pins/pins_driver.c:286:6:PINS_DRV_SetGlobalPinControl	0	static
/home/ubuntu/S32_SDK_S32K1xx_RTM_4.0.2/platform/drivers/src/pins/pins_driver.c:303:6:PINS_DRV_SetGlobalIntControl	0	static
/home/ubuntu/S32_SDK_S32K1xx_RTM_4.0.2/platform/drivers/src/pins/pins_driver.c:468:6:PINS_DRV_WritePin	0	static
/home/ubuntu/S32_SDK_S32K1xx_RTM_4.0.2/platform/drivers/src/pins/pins_driver.c:483:6:PINS_DRV_WritePins	0	static
/home/ubuntu/S32_SDK_S32K1xx_RTM_4.0.2/platform/drivers/src/pins/pins_driver.c:497:21:PINS_DRV_GetPinsOutput	0	static
/home/ubuntu/S32_SDK_S32K1xx_RTM_4.0.2/platform/drivers/src/pins/pins_driver.c:511:6:PINS_DRV_SetPins	0	static
/home/ubuntu/S32_SDK_S32K1xx_RTM_4.0.2/platform/drivers/src/pins/pins_driver.c:526:6:PINS_DRV_ClearPins	0	static
/home/ubuntu/S32_SDK_S32K1xx_RTM_4.0.2/platform/drivers/src/pins/pins_driver.c:540:6:PINS_DRV_TogglePins	0	static
/home/ubuntu/S32_SDK_S32K1xx_RTM_4.0.2/platform/drivers/src/pins/pins_driver.c:554:21:PINS_DRV_ReadPins	0	static
