/home/ubuntu/S32_SDK_S32K1xx_RTM_4.0.2/platform/drivers/src/lpi2c/lpi2c_driver.c:549:13:LPI2C_DRV_ConfigureDmaTransfer	32	static
/home/ubuntu/S32_SDK_S32K1xx_RTM_4.0.2/platform/drivers/src/lpi2c/lpi2c_driver.c:646:13:LPI2C_DRV_SlaveStartDmaTransfer	40	static
/home/ubuntu/S32_SDK_S32K1xx_RTM_4.0.2/platform/drivers/src/lpi2c/lpi2c_driver.c:352:13:LPI2C_DRV_MasterEndTransfer.constprop	24	static
/home/ubuntu/S32_SDK_S32K1xx_RTM_4.0.2/platform/drivers/src/lpi2c/lpi2c_driver.c:322:13:LPI2C_DRV_MasterQueueData.constprop	12	static
/home/ubuntu/S32_SDK_S32K1xx_RTM_4.0.2/platform/drivers/src/lpi2c/lpi2c_driver.c:259:13:LPI2C_DRV_MasterSendAddress.constprop	16	static
/home/ubuntu/S32_SDK_S32K1xx_RTM_4.0.2/platform/drivers/src/lpi2c/lpi2c_driver.c:575:13:LPI2C_DRV_MasterStartDmaTransfer	48	static
/home/ubuntu/S32_SDK_S32K1xx_RTM_4.0.2/platform/drivers/src/lpi2c/lpi2c_driver.c:2569:13:LPI2C_DRV_SlaveEndTransferHandler.constprop	8	static
/home/ubuntu/S32_SDK_S32K1xx_RTM_4.0.2/platform/drivers/src/lpi2c/lpi2c_driver.c:698:13:LPI2C_DRV_MasterCompleteDMATransfer	24	static
/home/ubuntu/S32_SDK_S32K1xx_RTM_4.0.2/platform/drivers/src/lpi2c/lpi2c_driver.c:1221:10:LPI2C_DRV_MasterDeinit	16	static
/home/ubuntu/S32_SDK_S32K1xx_RTM_4.0.2/platform/drivers/src/lpi2c/lpi2c_driver.c:1253:6:LPI2C_DRV_SetMasterBusIdleTimeout	0	static
/home/ubuntu/S32_SDK_S32K1xx_RTM_4.0.2/platform/drivers/src/lpi2c/lpi2c_driver.c:1285:6:LPI2C_DRV_MasterGetBaudRate	16	static
/home/ubuntu/S32_SDK_S32K1xx_RTM_4.0.2/platform/drivers/src/lpi2c/lpi2c_driver.c:1337:10:LPI2C_DRV_MasterSetBaudRate	32	static
/home/ubuntu/S32_SDK_S32K1xx_RTM_4.0.2/platform/drivers/src/lpi2c/lpi2c_driver.c:1136:10:LPI2C_DRV_MasterInit	40	static
/home/ubuntu/S32_SDK_S32K1xx_RTM_4.0.2/platform/drivers/src/lpi2c/lpi2c_driver.c:753:17:LPI2C_DRV_MasterReinit.isra	24	static
/home/ubuntu/S32_SDK_S32K1xx_RTM_4.0.2/platform/drivers/src/lpi2c/lpi2c_driver.c:795:17:LPI2C_DRV_MasterWaitTransferEnd	24	static
/home/ubuntu/S32_SDK_S32K1xx_RTM_4.0.2/platform/drivers/src/lpi2c/lpi2c_driver.c:1511:6:LPI2C_DRV_MasterSetSlaveAddr	0	static
/home/ubuntu/S32_SDK_S32K1xx_RTM_4.0.2/platform/drivers/src/lpi2c/lpi2c_driver.c:1532:10:LPI2C_DRV_MasterSendData	16	static
/home/ubuntu/S32_SDK_S32K1xx_RTM_4.0.2/platform/drivers/src/lpi2c/lpi2c_driver.c:1613:10:LPI2C_DRV_MasterSendDataBlocking	24	static
/home/ubuntu/S32_SDK_S32K1xx_RTM_4.0.2/platform/drivers/src/lpi2c/lpi2c_driver.c:1653:10:LPI2C_DRV_MasterAbortTransferData	16	static
/home/ubuntu/S32_SDK_S32K1xx_RTM_4.0.2/platform/drivers/src/lpi2c/lpi2c_driver.c:1686:10:LPI2C_DRV_MasterReceiveData	16	static
/home/ubuntu/S32_SDK_S32K1xx_RTM_4.0.2/platform/drivers/src/lpi2c/lpi2c_driver.c:1782:10:LPI2C_DRV_MasterReceiveDataBlocking	24	static
/home/ubuntu/S32_SDK_S32K1xx_RTM_4.0.2/platform/drivers/src/lpi2c/lpi2c_driver.c:1837:10:LPI2C_DRV_MasterGetTransferStatus	0	static
/home/ubuntu/S32_SDK_S32K1xx_RTM_4.0.2/platform/drivers/src/lpi2c/lpi2c_driver.c:1879:6:LPI2C_DRV_MasterGetDefaultConfig	4	static
/home/ubuntu/S32_SDK_S32K1xx_RTM_4.0.2/platform/drivers/src/lpi2c/lpi2c_driver.c:1897:6:LPI2C_DRV_MasterIRQHandler	24	static
/home/ubuntu/S32_SDK_S32K1xx_RTM_4.0.2/platform/drivers/src/lpi2c/lpi2c_driver.c:2032:10:LPI2C_DRV_SlaveInit	32	static
/home/ubuntu/S32_SDK_S32K1xx_RTM_4.0.2/platform/drivers/src/lpi2c/lpi2c_driver.c:2153:10:LPI2C_DRV_SlaveDeinit	16	static
/home/ubuntu/S32_SDK_S32K1xx_RTM_4.0.2/platform/drivers/src/lpi2c/lpi2c_driver.c:2192:10:LPI2C_DRV_SlaveSetTxBuffer	0	static
/home/ubuntu/S32_SDK_S32K1xx_RTM_4.0.2/platform/drivers/src/lpi2c/lpi2c_driver.c:2219:10:LPI2C_DRV_SlaveSetRxBuffer	0	static
/home/ubuntu/S32_SDK_S32K1xx_RTM_4.0.2/platform/drivers/src/lpi2c/lpi2c_driver.c:2246:10:LPI2C_DRV_SlaveSendData	8	static
/home/ubuntu/S32_SDK_S32K1xx_RTM_4.0.2/platform/drivers/src/lpi2c/lpi2c_driver.c:2332:10:LPI2C_DRV_SlaveSendDataBlocking	24	static
/home/ubuntu/S32_SDK_S32K1xx_RTM_4.0.2/platform/drivers/src/lpi2c/lpi2c_driver.c:2370:10:LPI2C_DRV_SlaveReceiveData	8	static
/home/ubuntu/S32_SDK_S32K1xx_RTM_4.0.2/platform/drivers/src/lpi2c/lpi2c_driver.c:2443:10:LPI2C_DRV_SlaveReceiveDataBlocking	24	static
/home/ubuntu/S32_SDK_S32K1xx_RTM_4.0.2/platform/drivers/src/lpi2c/lpi2c_driver.c:2485:10:LPI2C_DRV_SlaveGetTransferStatus	0	static
/home/ubuntu/S32_SDK_S32K1xx_RTM_4.0.2/platform/drivers/src/lpi2c/lpi2c_driver.c:2524:10:LPI2C_DRV_SlaveAbortTransferData	0	static
/home/ubuntu/S32_SDK_S32K1xx_RTM_4.0.2/platform/drivers/src/lpi2c/lpi2c_driver.c:2551:6:LPI2C_DRV_SlaveGetDefaultConfig	0	static
/home/ubuntu/S32_SDK_S32K1xx_RTM_4.0.2/platform/drivers/src/lpi2c/lpi2c_driver.c:2606:6:LPI2C_DRV_SlaveIRQHandler	16	static
