/home/ubuntu/S32_SDK_S32K1xx_RTM_4.0.2/platform/drivers/src/rtc/rtc_driver.c:97:10:RTC_DRV_Init	16	static
/home/ubuntu/S32_SDK_S32K1xx_RTM_4.0.2/platform/drivers/src/rtc/rtc_driver.c:158:10:RTC_DRV_Deinit	16	static
/home/ubuntu/S32_SDK_S32K1xx_RTM_4.0.2/platform/drivers/src/rtc/rtc_driver.c:194:6:RTC_DRV_GetDefaultConfig	0	static
/home/ubuntu/S32_SDK_S32K1xx_RTM_4.0.2/platform/drivers/src/rtc/rtc_driver.c:265:10:RTC_DRV_StartCounter	8	static
/home/ubuntu/S32_SDK_S32K1xx_RTM_4.0.2/platform/drivers/src/rtc/rtc_driver.c:296:10:RTC_DRV_StopCounter	8	static
/home/ubuntu/S32_SDK_S32K1xx_RTM_4.0.2/platform/drivers/src/rtc/rtc_driver.c:426:10:RTC_DRV_ConfigureRegisterLock	8	static
/home/ubuntu/S32_SDK_S32K1xx_RTM_4.0.2/platform/drivers/src/rtc/rtc_driver.c:473:6:RTC_DRV_GetRegisterLock	16	static
/home/ubuntu/S32_SDK_S32K1xx_RTM_4.0.2/platform/drivers/src/rtc/rtc_driver.c:501:10:RTC_DRV_ConfigureTimeCompensation	16	static
/home/ubuntu/S32_SDK_S32K1xx_RTM_4.0.2/platform/drivers/src/rtc/rtc_driver.c:534:6:RTC_DRV_GetTimeCompensation	0	static
/home/ubuntu/S32_SDK_S32K1xx_RTM_4.0.2/platform/drivers/src/rtc/rtc_driver.c:551:6:RTC_DRV_ConvertSecondsToTimeDate	12	static
/home/ubuntu/S32_SDK_S32K1xx_RTM_4.0.2/platform/drivers/src/rtc/rtc_driver.c:327:10:RTC_DRV_GetCurrentTimeDate	16	static
/home/ubuntu/S32_SDK_S32K1xx_RTM_4.0.2/platform/drivers/src/rtc/rtc_driver.c:645:6:RTC_DRV_ConvertTimeDateToSeconds	12	static
/home/ubuntu/S32_SDK_S32K1xx_RTM_4.0.2/platform/drivers/src/rtc/rtc_driver.c:695:6:RTC_DRV_IsTimeDateCorrectFormat	0	static
/home/ubuntu/S32_SDK_S32K1xx_RTM_4.0.2/platform/drivers/src/rtc/rtc_driver.c:382:10:RTC_DRV_SetTimeDate	24	static
/home/ubuntu/S32_SDK_S32K1xx_RTM_4.0.2/platform/drivers/src/rtc/rtc_driver.c:737:6:RTC_DRV_IsYearLeap	0	static
/home/ubuntu/S32_SDK_S32K1xx_RTM_4.0.2/platform/drivers/src/rtc/rtc_driver.c:773:6:RTC_DRV_IRQHandler	8	static
/home/ubuntu/S32_SDK_S32K1xx_RTM_4.0.2/platform/drivers/src/rtc/rtc_driver.c:850:6:RTC_DRV_SecondsIRQHandler	0	static
/home/ubuntu/S32_SDK_S32K1xx_RTM_4.0.2/platform/drivers/src/rtc/rtc_driver.c:876:6:RTC_DRV_ConfigureFaultInt	16	static
/home/ubuntu/S32_SDK_S32K1xx_RTM_4.0.2/platform/drivers/src/rtc/rtc_driver.c:903:6:RTC_DRV_ConfigureSecondsInt	16	static
/home/ubuntu/S32_SDK_S32K1xx_RTM_4.0.2/platform/drivers/src/rtc/rtc_driver.c:933:10:RTC_DRV_ConfigureAlarm	24	static
/home/ubuntu/S32_SDK_S32K1xx_RTM_4.0.2/platform/drivers/src/rtc/rtc_driver.c:987:6:RTC_DRV_GetAlarmConfig	4	static
/home/ubuntu/S32_SDK_S32K1xx_RTM_4.0.2/platform/drivers/src/rtc/rtc_driver.c:1002:6:RTC_DRV_IsAlarmPending	0	static
/home/ubuntu/S32_SDK_S32K1xx_RTM_4.0.2/platform/drivers/src/rtc/rtc_driver.c:1019:10:RTC_DRV_GetNextAlarmTime	16	static
