/home/ubuntu/S32_SDK_S32K1xx_RTM_4.0.2/platform/drivers/src/interrupt/interrupt_manager.c:114:6:INT_SYS_InstallHandler	8	static
/home/ubuntu/S32_SDK_S32K1xx_RTM_4.0.2/platform/drivers/src/interrupt/interrupt_manager.c:190:6:INT_SYS_EnableIRQ	0	static
/home/ubuntu/S32_SDK_S32K1xx_RTM_4.0.2/platform/drivers/src/interrupt/interrupt_manager.c:219:6:INT_SYS_DisableIRQ	0	static
/home/ubuntu/S32_SDK_S32K1xx_RTM_4.0.2/platform/drivers/src/interrupt/interrupt_manager.c:248:6:INT_SYS_EnableIRQGlobal	0	static
/home/ubuntu/S32_SDK_S32K1xx_RTM_4.0.2/platform/drivers/src/interrupt/interrupt_manager.c:271:6:INT_SYS_DisableIRQGlobal	0	static
/home/ubuntu/S32_SDK_S32K1xx_RTM_4.0.2/platform/drivers/src/interrupt/interrupt_manager.c:289:6:INT_SYS_SetPriority	4	static
/home/ubuntu/S32_SDK_S32K1xx_RTM_4.0.2/platform/drivers/src/interrupt/interrupt_manager.c:354:9:INT_SYS_GetPriority	0	static
/home/ubuntu/S32_SDK_S32K1xx_RTM_4.0.2/platform/drivers/src/interrupt/interrupt_manager.c:414:6:INT_SYS_ClearPending	0	static
/home/ubuntu/S32_SDK_S32K1xx_RTM_4.0.2/platform/drivers/src/interrupt/interrupt_manager.c:453:6:INT_SYS_SetPending	0	static
/home/ubuntu/S32_SDK_S32K1xx_RTM_4.0.2/platform/drivers/src/interrupt/interrupt_manager.c:474:10:INT_SYS_GetPending	0	static
/home/ubuntu/S32_SDK_S32K1xx_RTM_4.0.2/platform/drivers/src/interrupt/interrupt_manager.c:507:10:INT_SYS_GetActive	0	static
