/home/ubuntu/S32_SDK_S32K1xx_RTM_4.0.2/platform/drivers/src/pdb/pdb_driver.c:61:6:PDB_DRV_Init	24	static
/home/ubuntu/S32_SDK_S32K1xx_RTM_4.0.2/platform/drivers/src/pdb/pdb_driver.c:136:6:PDB_DRV_Deinit	8	static
/home/ubuntu/S32_SDK_S32K1xx_RTM_4.0.2/platform/drivers/src/pdb/pdb_driver.c:164:6:PDB_DRV_GetDefaultConfig	0	static
/home/ubuntu/S32_SDK_S32K1xx_RTM_4.0.2/platform/drivers/src/pdb/pdb_driver.c:200:6:PDB_DRV_Enable	0	static
/home/ubuntu/S32_SDK_S32K1xx_RTM_4.0.2/platform/drivers/src/pdb/pdb_driver.c:215:6:PDB_DRV_Disable	0	static
/home/ubuntu/S32_SDK_S32K1xx_RTM_4.0.2/platform/drivers/src/pdb/pdb_driver.c:232:6:PDB_DRV_SoftTriggerCmd	0	static
/home/ubuntu/S32_SDK_S32K1xx_RTM_4.0.2/platform/drivers/src/pdb/pdb_driver.c:247:10:PDB_DRV_GetTimerValue	0	static
/home/ubuntu/S32_SDK_S32K1xx_RTM_4.0.2/platform/drivers/src/pdb/pdb_driver.c:263:6:PDB_DRV_GetTimerIntFlag	0	static
/home/ubuntu/S32_SDK_S32K1xx_RTM_4.0.2/platform/drivers/src/pdb/pdb_driver.c:278:6:PDB_DRV_ClearTimerIntFlag	8	static
/home/ubuntu/S32_SDK_S32K1xx_RTM_4.0.2/platform/drivers/src/pdb/pdb_driver.c:293:6:PDB_DRV_LoadValuesCmd	0	static
/home/ubuntu/S32_SDK_S32K1xx_RTM_4.0.2/platform/drivers/src/pdb/pdb_driver.c:308:6:PDB_DRV_SetTimerModulusValue	0	static
/home/ubuntu/S32_SDK_S32K1xx_RTM_4.0.2/platform/drivers/src/pdb/pdb_driver.c:324:6:PDB_DRV_SetValueForTimerInterrupt	0	static
/home/ubuntu/S32_SDK_S32K1xx_RTM_4.0.2/platform/drivers/src/pdb/pdb_driver.c:340:6:PDB_DRV_ConfigAdcPreTrigger	24	static
/home/ubuntu/S32_SDK_S32K1xx_RTM_4.0.2/platform/drivers/src/pdb/pdb_driver.c:361:10:PDB_DRV_GetAdcPreTriggerFlags	0	static
/home/ubuntu/S32_SDK_S32K1xx_RTM_4.0.2/platform/drivers/src/pdb/pdb_driver.c:379:6:PDB_DRV_ClearAdcPreTriggerFlags	0	static
/home/ubuntu/S32_SDK_S32K1xx_RTM_4.0.2/platform/drivers/src/pdb/pdb_driver.c:397:10:PDB_DRV_GetAdcPreTriggerSeqErrFlags	0	static
/home/ubuntu/S32_SDK_S32K1xx_RTM_4.0.2/platform/drivers/src/pdb/pdb_driver.c:415:6:PDB_DRV_ClearAdcPreTriggerSeqErrFlags	0	static
/home/ubuntu/S32_SDK_S32K1xx_RTM_4.0.2/platform/drivers/src/pdb/pdb_driver.c:433:6:PDB_DRV_SetAdcPreTriggerDelayValue	4	static
/home/ubuntu/S32_SDK_S32K1xx_RTM_4.0.2/platform/drivers/src/pdb/pdb_driver.c:454:6:PDB_DRV_SetCmpPulseOutEnable	0	static
/home/ubuntu/S32_SDK_S32K1xx_RTM_4.0.2/platform/drivers/src/pdb/pdb_driver.c:471:6:PDB_DRV_SetCmpPulseOutDelayForHigh	0	static
/home/ubuntu/S32_SDK_S32K1xx_RTM_4.0.2/platform/drivers/src/pdb/pdb_driver.c:489:6:PDB_DRV_SetCmpPulseOutDelayForLow	0	static
